Component: Arm Compiler for Embedded 6.19 Tool: armlink [5e73cb00]

==============================================================================

Section Cross References

    main.o(.ARM.exidx.text.ReadPin) refers to main.o(.text.ReadPin) for [Anonymous Symbol]
    main.o(.ARM.exidx.text.Motor_Control) refers to main.o(.text.Motor_Control) for [Anonymous Symbol]
    main.o(.text.PassengerUp) refers to main.o(.bss.xBinarySemaphore2) for xBinarySemaphore2
    main.o(.text.PassengerUp) refers to queue.o(.text.xQueueSemaphoreTake) for xQueueSemaphoreTake
    main.o(.text.PassengerUp) refers to main.o(.bss.xMutex) for xMutex
    main.o(.text.PassengerUp) refers to main.o(.text.Motor_Control) for Motor_Control
    main.o(.text.PassengerUp) refers to main.o(.text.ReadPin) for ReadPin
    main.o(.text.PassengerUp) refers to queue.o(.text.xQueueGenericSend) for xQueueGenericSend
    main.o(.ARM.exidx.text.PassengerUp) refers to main.o(.text.PassengerUp) for [Anonymous Symbol]
    main.o(.text.PassengerDown) refers to main.o(.bss.xBinarySemaphore3) for xBinarySemaphore3
    main.o(.text.PassengerDown) refers to queue.o(.text.xQueueSemaphoreTake) for xQueueSemaphoreTake
    main.o(.text.PassengerDown) refers to main.o(.bss.xMutex) for xMutex
    main.o(.text.PassengerDown) refers to main.o(.text.Motor_Control) for Motor_Control
    main.o(.text.PassengerDown) refers to main.o(.text.ReadPin) for ReadPin
    main.o(.text.PassengerDown) refers to queue.o(.text.xQueueGenericSend) for xQueueGenericSend
    main.o(.ARM.exidx.text.PassengerDown) refers to main.o(.text.PassengerDown) for [Anonymous Symbol]
    main.o(.text.DriverUp) refers to main.o(.bss.xBinarySemaphore4) for xBinarySemaphore4
    main.o(.text.DriverUp) refers to queue.o(.text.xQueueSemaphoreTake) for xQueueSemaphoreTake
    main.o(.text.DriverUp) refers to main.o(.bss.xMutex) for xMutex
    main.o(.text.DriverUp) refers to main.o(.text.Motor_Control) for Motor_Control
    main.o(.text.DriverUp) refers to driver.o(.text.Delay_ms) for Delay_ms
    main.o(.text.DriverUp) refers to main.o(.text.ReadPin) for ReadPin
    main.o(.text.DriverUp) refers to queue.o(.text.xQueueGenericSend) for xQueueGenericSend
    main.o(.ARM.exidx.text.DriverUp) refers to main.o(.text.DriverUp) for [Anonymous Symbol]
    main.o(.text.DriverDown) refers to main.o(.bss.xBinarySemaphore5) for xBinarySemaphore5
    main.o(.text.DriverDown) refers to queue.o(.text.xQueueSemaphoreTake) for xQueueSemaphoreTake
    main.o(.text.DriverDown) refers to main.o(.bss.xMutex) for xMutex
    main.o(.text.DriverDown) refers to main.o(.text.Motor_Control) for Motor_Control
    main.o(.text.DriverDown) refers to driver.o(.text.Delay_ms) for Delay_ms
    main.o(.text.DriverDown) refers to main.o(.text.ReadPin) for ReadPin
    main.o(.text.DriverDown) refers to queue.o(.text.xQueueGenericSend) for xQueueGenericSend
    main.o(.ARM.exidx.text.DriverDown) refers to main.o(.text.DriverDown) for [Anonymous Symbol]
    main.o(.text.Jamming) refers to tasks.o(.text.xTaskGetTickCount) for xTaskGetTickCount
    main.o(.text.Jamming) refers to main.o(.bss.xBinarySemaphore1) for xBinarySemaphore1
    main.o(.text.Jamming) refers to queue.o(.text.xQueueSemaphoreTake) for xQueueSemaphoreTake
    main.o(.text.Jamming) refers to main.o(.text.Motor_Control) for Motor_Control
    main.o(.text.Jamming) refers to driver.o(.text.Delay_ms) for Delay_ms
    main.o(.text.Jamming) refers to tasks.o(.text.xTaskDelayUntil) for xTaskDelayUntil
    main.o(.ARM.exidx.text.Jamming) refers to main.o(.text.Jamming) for [Anonymous Symbol]
    main.o(.text.Lock) refers to main.o(.bss.xBinarySemaphore6) for xBinarySemaphore6
    main.o(.text.Lock) refers to queue.o(.text.xQueueSemaphoreTake) for xQueueSemaphoreTake
    main.o(.text.Lock) refers to main.o(.text.ReadPin) for ReadPin
    main.o(.text.Lock) refers to main.o(.bss.Locked) for Locked
    main.o(.ARM.exidx.text.Lock) refers to main.o(.text.Lock) for [Anonymous Symbol]
    main.o(.text.GPIOE_Handler) refers to main.o(.bss.xBinarySemaphore4) for xBinarySemaphore4
    main.o(.text.GPIOE_Handler) refers to queue.o(.text.xQueueGiveFromISR) for xQueueGiveFromISR
    main.o(.text.GPIOE_Handler) refers to main.o(.bss.xBinarySemaphore5) for xBinarySemaphore5
    main.o(.ARM.exidx.text.GPIOE_Handler) refers to main.o(.text.GPIOE_Handler) for [Anonymous Symbol]
    main.o(.text.GPIOA_Handler) refers to main.o(.bss.Locked) for Locked
    main.o(.text.GPIOA_Handler) refers to main.o(.bss.xBinarySemaphore2) for xBinarySemaphore2
    main.o(.text.GPIOA_Handler) refers to queue.o(.text.xQueueGiveFromISR) for xQueueGiveFromISR
    main.o(.text.GPIOA_Handler) refers to main.o(.bss.xBinarySemaphore3) for xBinarySemaphore3
    main.o(.ARM.exidx.text.GPIOA_Handler) refers to main.o(.text.GPIOA_Handler) for [Anonymous Symbol]
    main.o(.text.GPIOF_Handler) refers to main.o(.bss.xBinarySemaphore6) for xBinarySemaphore6
[...]

Image Symbol Table

    Local Symbols

    Symbol Name                              Value     Ov Type        Size  Object(Section)

    ../clib/angel/boardlib.s                 0x00000000   Number         0  boardinit1.o ABSOLUTE
    ../clib/angel/boardlib.s                 0x00000000   Number         0  boardinit2.o ABSOLUTE
    ../clib/angel/boardlib.s                 0x00000000   Number         0  boardinit3.o ABSOLUTE
    ../clib/angel/boardlib.s                 0x00000000   Number         0  boardshut.o ABSOLUTE
    ../clib/angel/handlers.s                 0x00000000   Number         0  __scatter_copy.o ABSOLUTE
    ../clib/angel/handlers.s                 0x00000000   Number         0  __scatter_zi.o ABSOLUTE
    ../clib/angel/kernel.s                   0x00000000   Number         0  __rtentry.o ABSOLUTE
    ../clib/angel/kernel.s                   0x00000000   Number         0  __rtentry2.o ABSOLUTE
    ../clib/angel/kernel.s                   0x00000000   Number         0  __rtentry4.o ABSOLUTE
    ../clib/angel/kernel.s                   0x00000000   Number         0  rtexit.o ABSOLUTE
    ../clib/angel/kernel.s                   0x00000000   Number         0  rtexit2.o ABSOLUTE
    ../clib/angel/rt.s                       0x00000000   Number         0  rt_raise.o ABSOLUTE
    ../clib/angel/scatter.s                  0x00000000   Number         0  __scatter.o ABSOLUTE
    ../clib/angel/startup.s                  0x00000000   Number         0  __main.o ABSOLUTE
    ../clib/angel/sys.s                      0x00000000   Number         0  sys_stackheap_outer.o ABSOLUTE
    ../clib/angel/sys.s                      0x00000000   Number         0  libspace.o ABSOLUTE
    ../clib/angel/sys.s                      0x00000000   Number         0  use_no_semi.o ABSOLUTE
    ../clib/angel/sys.s                      0x00000000   Number         0  indicate_semi.o ABSOLUTE
    ../clib/angel/sysapp.c                   0x00000000   Number         0  sys_exit.o ABSOLUTE
    ../clib/angel/sysapp.c                   0x00000000   Number         0  sys_exit_hlt.o ABSOLUTE
    ../clib/angel/sysapp.c                   0x00000000   Number         0  sys_command.o ABSOLUTE
    ../clib/angel/sysapp.c                   0x00000000   Number         0  sys_command_hlt.o ABSOLUTE
    ../clib/angel/sysapp.c                   0x00000000   Number         0  sys_wrch.o ABSOLUTE
    ../clib/angel/sysapp.c                   0x00000000   Number         0  sys_wrch_hlt.o ABSOLUTE
    ../clib/armsys.c                         0x00000000   Number         0  argv_veneer.o ABSOLUTE
    ../clib/armsys.c                         0x00000000   Number         0  argv_veneer.o ABSOLUTE
    ../clib/armsys.c                         0x00000000   Number         0  _get_argv_nomalloc.o ABSOLUTE
    ../clib/armsys.c                         0x00000000   Number         0  no_argv.o ABSOLUTE
    ../clib/heapalloc.c                      0x00000000   Number         0  hrguard.o ABSOLUTE
    ../clib/heapaux.c                        0x00000000   Number         0  heapauxi.o ABSOLUTE
    ../clib/libinit.s                        0x00000000   Number         0  libinit.o ABSOLUTE
    ../clib/libinit.s                        0x00000000   Number         0  libinit2.o ABSOLUTE
    ../clib/libinit.s                        0x00000000   Number         0  libshutdown.o ABSOLUTE
    ../clib/libinit.s                        0x00000000   Number         0  libshutdown2.o ABSOLUTE
    ../clib/memcpset.s                       0x00000000   Number         0  rt_memcpy_v6.o ABSOLUTE
    ../clib/memcpset.s                       0x00000000   Number         0  aeabi_memset4.o ABSOLUTE
    ../clib/memcpset.s                       0x00000000   Number         0  rt_memclr.o ABSOLUTE
    ../clib/memcpset.s                       0x00000000   Number         0  rt_memcpy_w.o ABSOLUTE
    ../clib/memcpset.s                       0x00000000   Number         0  rt_memclr_w.o ABSOLUTE
    ../clib/signal.c                         0x00000000   Number         0  defsig_rtmem_outer.o ABSOLUTE
    ../clib/signal.c                         0x00000000   Number         0  defsig_rtmem_formal.o ABSOLUTE
    ../clib/signal.c                         0x00000000   Number         0  defsig_exit.o ABSOLUTE
    ../clib/signal.c                         0x00000000   Number         0  defsig_rtmem_inner.o ABSOLUTE
    ../clib/signal.c                         0x00000000   Number         0  __raise.o ABSOLUTE
    ../clib/signal.c                         0x00000000   Number         0  defsig_general.o ABSOLUTE
    ../clib/signal.c                         0x00000000   Number         0  defsig_abrt_inner.o ABSOLUTE
    ../clib/signal.c                         0x00000000   Number         0  defsig_fpe_inner.o ABSOLUTE
    ../clib/signal.c                         0x00000000   Number         0  defsig_rtred_inner.o ABSOLUTE
    ../clib/signal.c                         0x00000000   Number         0  defsig_stak_inner.o ABSOLUTE
    ../clib/signal.c                         0x00000000   Number         0  defsig_pvfn_inner.o ABSOLUTE
    ../clib/signal.c                         0x00000000   Number         0  defsig_cppl_inner.o ABSOLUTE
    ../clib/signal.c                         0x00000000   Number         0  defsig_segv_inner.o ABSOLUTE
    ../clib/signal.c                         0x00000000   Number         0  defsig_other.o ABSOLUTE
    ../clib/signal.s                         0x00000000   Number         0  defsig.o ABSOLUTE
    ../clib/stdlib.c                         0x00000000   Number         0  exit.o ABSOLUTE
    ../clib/string.c                         0x00000000   Number         0  strlen.o ABSOLUTE
    ../fplib/fpinit.s                        0x00000000   Number         0  fpinit.o ABSOLUTE
    RTE/Device/TM4C123GH6PM/startup_TM4C123.s 0x00000000   Number         0  startup_tm4c123.o ABSOLUTE
    dc.s                                     0x00000000   Number         0  dc.o ABSOLUTE
    driver.c                                 0x00000000   Number         0  driver.o ABSOLUTE
    freertos_evr.c                           0x00000000   Number         0  freertos_evr.o ABSOLUTE
    heap_4.c                                 0x00000000   Number         0  heap_4.o ABSOLUTE
    list.c                                   0x00000000   Number         0  list.o ABSOLUTE
    main.c                                   0x00000000   Number         0  main.o ABSOLUTE
    port.c                                   0x00000000   Number         0  port.o ABSOLUTE
    queue.c                                  0x00000000   Number         0  queue.o ABSOLUTE
    system_TM4C123.c                         0x00000000   Number         0  system_tm4c123.o ABSOLUTE
    tasks.c                                  0x00000000   Number         0  tasks.o ABSOLUTE
    RESET                                    0x00000000   Section      620  startup_tm4c123.o(RESET)
    !!!main                                  0x0000026c   Section        8  __main.o(!!!main)
    !!!scatter                               0x00000274   Section       52  __scatter.o(!!!scatter)
    !!handler_copy                           0x000002a8   Section       26  __scatter_copy.o(!!handler_copy)
    !!handler_zi                             0x000002c4   Section       28  __scatter_zi.o(!!handler_zi)
    .ARM.Collect$$libinit$$00000000          0x000002e0   Section        2  libinit.o(.ARM.Collect$$libinit$$00000000)
    .ARM.Collect$$libinit$$00000001          0x000002e2   Section        4  libinit2.o(.ARM.Collect$$libinit$$00000001)
    .ARM.Collect$$libinit$$00000004          0x000002e6   Section        0  libinit2.o(.ARM.Collect$$libinit$$00000004)
    .ARM.Collect$$libinit$$00000006          0x000002e6   Section        0  libinit2.o(.ARM.Collect$$libinit$$00000006)
    .ARM.Collect$$libinit$$0000000C          0x000002e6   Section        0  libinit2.o(.ARM.Collect$$libinit$$0000000C)
    .ARM.Collect$$libinit$$0000000E          0x000002e6   Section        0  libinit2.o(.ARM.Collect$$libinit$$0000000E)
    .ARM.Collect$$libinit$$00000010          0x000002e6   Section        0  libinit2.o(.ARM.Collect$$libinit$$00000010)
    .ARM.Collect$$libinit$$00000013          0x000002e6   Section        0  libinit2.o(.ARM.Collect$$libinit$$00000013)
    .ARM.Collect$$libinit$$00000015          0x000002e6   Section        0  libinit2.o(.ARM.Collect$$libinit$$00000015)
    .ARM.Collect$$libinit$$00000017          0x000002e6   Section        0  libinit2.o(.ARM.Collect$$libinit$$00000017)
    .ARM.Collect$$libinit$$00000019          0x000002e6   Section        0  libinit2.o(.ARM.Collect$$libinit$$00000019)
    .ARM.Collect$$libinit$$0000001B          0x000002e6   Section        0  libinit2.o(.ARM.Collect$$libinit$$0000001B)
    .ARM.Collect$$libinit$$0000001D          0x000002e6   Section        0  libinit2.o(.ARM.Collect$$libinit$$0000001D)
    .ARM.Collect$$libinit$$0000001F          0x000002e6   Section        0  libinit2.o(.ARM.Collect$$libinit$$0000001F)
    .ARM.Collect$$libinit$$00000021          0x000002e6   Section        0  libinit2.o(.ARM.Collect$$libinit$$00000021)
    .ARM.Collect$$libinit$$00000023          0x000002e6   Section        0  libinit2.o(.ARM.Collect$$libinit$$00000023)
    .ARM.Collect$$libinit$$00000025          0x000002e6   Section        0  libinit2.o(.ARM.Collect$$libinit$$00000025)
    .ARM.Collect$$libinit$$00000027          0x000002e6   Section        0  libinit2.o(.ARM.Collect$$libinit$$00000027)
    .ARM.Collect$$libinit$$0000002E          0x000002e6   Section        0  libinit2.o(.ARM.Collect$$libinit$$0000002E)
    .ARM.Collect$$libinit$$00000030          0x000002e6   Section        0  libinit2.o(.ARM.Collect$$libinit$$00000030)
    .ARM.Collect$$libinit$$00000032          0x000002e6   Section        0  libinit2.o(.ARM.Collect$$libinit$$00000032)
    .ARM.Collect$$libinit$$00000034          0x000002e6   Section        0  libinit2.o(.ARM.Collect$$libinit$$00000034)
    .ARM.Collect$$libinit$$00000035          0x000002e6   Section        2  libinit2.o(.ARM.Collect$$libinit$$00000035)
    .ARM.Collect$$libshutdown$$00000000      0x000002e8   Section        2  libshutdown.o(.ARM.Collect$$libshutdown$$00000000)
    .ARM.Collect$$libshutdown$$00000002      0x000002ea   Section        0  libshutdown2.o(.ARM.Collect$$libshutdown$$00000002)
    .ARM.Collect$$libshutdown$$00000004      0x000002ea   Section        0  libshutdown2.o(.ARM.Collect$$libshutdown$$00000004)
    .ARM.Collect$$libshutdown$$00000007      0x000002ea   Section        0  libshutdown2.o(.ARM.Collect$$libshutdown$$00000007)
    .ARM.Collect$$libshutdown$$0000000A      0x000002ea   Section        0  libshutdown2.o(.ARM.Collect$$libshutdown$$0000000A)
    .ARM.Collect$$libshutdown$$0000000C      0x000002ea   Section        0  libshutdown2.o(.ARM.Collect$$libshutdown$$0000000C)
    .ARM.Collect$$libshutdown$$0000000F      0x000002ea   Section        0  libshutdown2.o(.ARM.Collect$$libshutdown$$0000000F)
    .ARM.Collect$$libshutdown$$00000010      0x000002ea   Section        2  libshutdown2.o(.ARM.Collect$$libshutdown$$00000010)
    .ARM.Collect$$rtentry$$00000000          0x000002ec   Section        0  __rtentry.o(.ARM.Collect$$rtentry$$00000000)
    .ARM.Collect$$rtentry$$00000002          0x000002ec   Section        0  __rtentry2.o(.ARM.Collect$$rtentry$$00000002)
    .ARM.Collect$$rtentry$$00000004          0x000002ec   Section        6  __rtentry4.o(.ARM.Collect$$rtentry$$00000004)
    .ARM.Collect$$rtentry$$00000009          0x000002f2   Section        0  __rtentry2.o(.ARM.Collect$$rtentry$$00000009)
    .ARM.Collect$$rtentry$$0000000A          0x000002f2   Section        4  __rtentry2.o(.ARM.Collect$$rtentry$$0000000A)
    .ARM.Collect$$rtentry$$0000000C          0x000002f6   Section        0  __rtentry2.o(.ARM.Collect$$rtentry$$0000000C)
    .ARM.Collect$$rtentry$$0000000D          0x000002f6   Section        8  __rtentry2.o(.ARM.Collect$$rtentry$$0000000D)
    .ARM.Collect$$rtexit$$00000000           0x000002fe   Section        2  rtexit.o(.ARM.Collect$$rtexit$$00000000)
    .ARM.Collect$$rtexit$$00000002           0x00000300   Section        0  rtexit2.o(.ARM.Collect$$rtexit$$00000002)
    .ARM.Collect$$rtexit$$00000003           0x00000300   Section        4  rtexit2.o(.ARM.Collect$$rtexit$$00000003)
    .ARM.Collect$$rtexit$$00000004           0x00000304   Section        6  rtexit2.o(.ARM.Collect$$rtexit$$00000004)
    $v0                                      0x0000030c   Number         0  startup_tm4c123.o(.text)
    .text                                    0x0000030c   Section      276  startup_tm4c123.o(.text)
    .text                                    0x00000420   Section      138  rt_memcpy_v6.o(.text)
    .text                                    0x000004aa   Section       16  aeabi_memset4.o(.text)
    .text                                    0x000004ba   Section       68  rt_memclr.o(.text)
    .text                                    0x000004fe   Section        0  heapauxi.o(.text)
    .text                                    0x00000504   Section      100  rt_memcpy_w.o(.text)
    .text                                    0x00000568   Section       78  rt_memclr_w.o(.text)
    .text                                    0x000005b6   Section       74  sys_stackheap_outer.o(.text)
    .text                                    0x00000600   Section        0  exit.o(.text)
    .text                                    0x00000614   Section        8  libspace.o(.text)
    .text                                    0x0000061c   Section        0  sys_exit.o(.text)
    .text                                    0x00000628   Section        2  use_no_semi.o(.text)
    .text                                    0x0000062a   Section        0  indicate_semi.o(.text)
    [Anonymous Symbol]                       0x0000062c   Section        0  driver.o(.text.Delay_ms)
    [Anonymous Symbol]                       0x00000670   Section        0  main.o(.text.DriverDown)
    [Anonymous Symbol]                       0x00000780   Section        0  main.o(.text.DriverUp)
    [Anonymous Symbol]                       0x00000890   Section        0  main.o(.text.GPIOA_Handler)
    [Anonymous Symbol]                       0x00000974   Section        0  main.o(.text.GPIOE_Handler)
    [Anonymous Symbol]                       0x00000a38   Section        0  main.o(.text.GPIOF_Handler)
    [Anonymous Symbol]                       0x00000afc   Section        0  main.o(.text.Jamming)
    [Anonymous Symbol]                       0x00000b68   Section        0  main.o(.text.Lock)
    [Anonymous Symbol]                       0x00000bf8   Section        0  main.o(.text.Motor_Control)
    [Anonymous Symbol]                       0x00000c64   Section        0  main.o(.text.PassengerDown)
    [Anonymous Symbol]                       0x00000d24   Section        0  main.o(.text.PassengerUp)
    [Anonymous Symbol]                       0x00000df0   Section        0  port.o(.text.PendSV_Handler)
    pxCurrentTCBConst                        0x00000e50   Number         0  port.o(.text.PendSV_Handler)
    [Anonymous Symbol]                       0x00000e54   Section        0  main.o(.text.ReadPin)
    [Anonymous Symbol]                       0x00000e70   Section        0  port.o(.text.SVC_Handler)
    pxCurrentTCBConst2                       0x00000e90   Number         0  port.o(.text.SVC_Handler)
    [Anonymous Symbol]                       0x00000e94   Section        0  port.o(.text.SysTick_Handler)
    [Anonymous Symbol]                       0x00000ed0   Section        0  system_tm4c123.o(.text.SystemInit)
    __NVIC_SetPriority                       0x00000fdd   Thumb Code    66  main.o(.text.__NVIC_SetPriority)
    [Anonymous Symbol]                       0x00000fdc   Section        0  main.o(.text.__NVIC_SetPriority)
    [Anonymous Symbol]                       0x00001020   Section        0  tasks.o(.text.eTaskConfirmSleepModeStatus)
    [Anonymous Symbol]                       0x000010a0   Section        0  main.o(.text.main)
    [Anonymous Symbol]                       0x000012e4   Section        0  driver.o(.text.portA_init)
    [Anonymous Symbol]                       0x000013c0   Section        0  driver.o(.text.portE_init)
    [Anonymous Symbol]                       0x000014a4   Section        0  driver.o(.text.portF_init)
    prvAddCurrentTaskToDelayedList           0x00001589   Thumb Code   290  tasks.o(.text.prvAddCurrentTaskToDelayedList)
    [Anonymous Symbol]                       0x00001588   Section        0  tasks.o(.text.prvAddCurrentTaskToDelayedList)
    prvAddNewTaskToReadyList                 0x000016ad   Thumb Code   340  tasks.o(.text.prvAddNewTaskToReadyList)
    [Anonymous Symbol]                       0x000016ac   Section        0  tasks.o(.text.prvAddNewTaskToReadyList)
    prvCheckTasksWaitingTermination          0x00001801   Thumb Code    90  tasks.o(.text.prvCheckTasksWaitingTermination)
    [Anonymous Symbol]                       0x00001800   Section        0  tasks.o(.text.prvCheckTasksWaitingTermination)
    prvCopyDataToQueue                       0x0000185d   Thumb Code   204  queue.o(.text.prvCopyDataToQueue)
    [Anonymous Symbol]                       0x0000185c   Section        0  queue.o(.text.prvCopyDataToQueue)
    prvDeleteTCB                             0x00001929   Thumb Code    24  tasks.o(.text.prvDeleteTCB)
    [Anonymous Symbol]                       0x00001928   Section        0  tasks.o(.text.prvDeleteTCB)
    prvGetDisinheritPriorityAfterTimeout     0x00001941   Thumb Code    38  queue.o(.text.prvGetDisinheritPriorityAfterTimeout)
    [Anonymous Symbol]                       0x00001940   Section        0  queue.o(.text.prvGetDisinheritPriorityAfterTimeout)
    prvGetExpectedIdleTime                   0x00001969   Thumb Code   124  tasks.o(.text.prvGetExpectedIdleTime)
    [Anonymous Symbol]                       0x00001968   Section        0  tasks.o(.text.prvGetExpectedIdleTime)
    prvHeapInit                              0x000019e5   Thumb Code   174  heap_4.o(.text.prvHeapInit)
    [Anonymous Symbol]                       0x000019e4   Section        0  heap_4.o(.text.prvHeapInit)
    prvIdleTask                              0x00001a95   Thumb Code   158  tasks.o(.text.prvIdleTask)
    [Anonymous Symbol]                       0x00001a94   Section        0  tasks.o(.text.prvIdleTask)
    prvInitialiseMutex                       0x00001b35   Thumb Code    44  queue.o(.text.prvInitialiseMutex)
    [Anonymous Symbol]                       0x00001b34   Section        0  queue.o(.text.prvInitialiseMutex)
    prvInitialiseNewQueue                    0x00001b61   Thumb Code    78  queue.o(.text.prvInitialiseNewQueue)
    [Anonymous Symbol]                       0x00001b60   Section        0  queue.o(.text.prvInitialiseNewQueue)
    prvInitialiseNewTask                     0x00001bb1   Thumb Code   292  tasks.o(.text.prvInitialiseNewTask)
    [Anonymous Symbol]                       0x00001bb0   Section        0  tasks.o(.text.prvInitialiseNewTask)
    prvInitialiseTaskLists                   0x00001cd5   Thumb Code   142  tasks.o(.text.prvInitialiseTaskLists)
    [Anonymous Symbol]                       0x00001cd4   Section        0  tasks.o(.text.prvInitialiseTaskLists)
    prvInsertBlockIntoFreeList               0x00001d65   Thumb Code   198  heap_4.o(.text.prvInsertBlockIntoFreeList)
    [Anonymous Symbol]                       0x00001d64   Section        0  heap_4.o(.text.prvInsertBlockIntoFreeList)
    prvIsQueueEmpty                          0x00001e2d   Thumb Code    40  queue.o(.text.prvIsQueueEmpty)
    [Anonymous Symbol]                       0x00001e2c   Section        0  queue.o(.text.prvIsQueueEmpty)
    prvIsQueueFull                           0x00001e55   Thumb Code    46  queue.o(.text.prvIsQueueFull)
    [Anonymous Symbol]                       0x00001e54   Section        0  queue.o(.text.prvIsQueueFull)
    prvNotifyQueueSetContainer               0x00001e85   Thumb Code   236  queue.o(.text.prvNotifyQueueSetContainer)
    [Anonymous Symbol]                       0x00001e84   Section        0  queue.o(.text.prvNotifyQueueSetContainer)
    prvPortStartFirstTask                    0x00001f71   Thumb Code    40  port.o(.text.prvPortStartFirstTask)
    [Anonymous Symbol]                       0x00001f70   Section        0  port.o(.text.prvPortStartFirstTask)
    prvResetNextTaskUnblockTime              0x00001f99   Thumb Code    60  tasks.o(.text.prvResetNextTaskUnblockTime)
    [Anonymous Symbol]                       0x00001f98   Section        0  tasks.o(.text.prvResetNextTaskUnblockTime)
    prvTaskExitError                         0x00001fd5   Thumb Code    76  port.o(.text.prvTaskExitError)
    [Anonymous Symbol]                       0x00001fd4   Section        0  port.o(.text.prvTaskExitError)
    prvUnlockQueue                           0x00002021   Thumb Code   204  queue.o(.text.prvUnlockQueue)
    [Anonymous Symbol]                       0x00002020   Section        0  queue.o(.text.prvUnlockQueue)
    [Anonymous Symbol]                       0x000020ec   Section        0  heap_4.o(.text.pvPortMalloc)
    [Anonymous Symbol]                       0x000022b4   Section        0  tasks.o(.text.pvTaskIncrementMutexHeldCount)
    [Anonymous Symbol]                       0x000022e0   Section        0  port.o(.text.pxPortInitialiseStack)
    [Anonymous Symbol]                       0x00002340   Section        0  list.o(.text.uxListRemove)
    [Anonymous Symbol]                       0x00002388   Section        0  tasks.o(.text.uxTaskGetNumberOfTasks)
    [Anonymous Symbol]                       0x00002394   Section        0  main.o(.text.vApplicationIdleHook)
    [Anonymous Symbol]                       0x00002398   Section        0  list.o(.text.vListInitialise)
    [Anonymous Symbol]                       0x000023c8   Section        0  list.o(.text.vListInitialiseItem)
    [Anonymous Symbol]                       0x000023d8   Section        0  list.o(.text.vListInsert)
    vPortEnableVFP                           0x00002445   Thumb Code    20  port.o(.text.vPortEnableVFP)
    [Anonymous Symbol]                       0x00002444   Section        0  port.o(.text.vPortEnableVFP)
    [Anonymous Symbol]                       0x00002458   Section        0  port.o(.text.vPortEnterCritical)
    [Anonymous Symbol]                       0x000024b0   Section        0  port.o(.text.vPortExitCritical)
    [Anonymous Symbol]                       0x000024fc   Section        0  heap_4.o(.text.vPortFree)
    [Anonymous Symbol]                       0x000025b8   Section        0  port.o(.text.vPortSetupTimerInterrupt)
    [Anonymous Symbol]                       0x00002630   Section        0  port.o(.text.vPortSuppressTicksAndSleep)
    [Anonymous Symbol]                       0x00002850   Section        0  port.o(.text.vPortValidateInterruptPriority)
    [Anonymous Symbol]                       0x000028d4   Section        0  tasks.o(.text.vTaskInternalSetTimeOutState)
    [Anonymous Symbol]                       0x000028f8   Section        0  tasks.o(.text.vTaskMissedYield)
    [Anonymous Symbol]                       0x00002908   Section        0  tasks.o(.text.vTaskPlaceOnEventList)
    [Anonymous Symbol]                       0x0000294c   Section        0  tasks.o(.text.vTaskPriorityDisinheritAfterTimeout)
    [Anonymous Symbol]                       0x00002ad0   Section        0  tasks.o(.text.vTaskStartScheduler)
    [Anonymous Symbol]                       0x00002b74   Section        0  tasks.o(.text.vTaskStepTick)
    [Anonymous Symbol]                       0x00002c40   Section        0  tasks.o(.text.vTaskSuspendAll)
    __tagsym$$used.0                         0x00002c50   Number         0  tasks.o(.text.vTaskSwitchContext)
    [Anonymous Symbol]                       0x00002c50   Section        0  tasks.o(.text.vTaskSwitchContext)
    [Anonymous Symbol]                       0x00002d10   Section        0  port.o(.text.xPortStartScheduler)
    [Anonymous Symbol]                       0x00002e8c   Section        0  queue.o(.text.xQueueCreateMutex)
    [Anonymous Symbol]                       0x00002eb4   Section        0  queue.o(.text.xQueueGenericCreate)
    [Anonymous Symbol]                       0x00002f50   Section        0  queue.o(.text.xQueueGenericReset)
    [Anonymous Symbol]                       0x00003058   Section        0  queue.o(.text.xQueueGenericSend)
    [Anonymous Symbol]                       0x000032cc   Section        0  queue.o(.text.xQueueGiveFromISR)
    [Anonymous Symbol]                       0x00003450   Section        0  queue.o(.text.xQueueSemaphoreTake)
    [Anonymous Symbol]                       0x00003660   Section        0  tasks.o(.text.xTaskCheckForTimeOut)
    [Anonymous Symbol]                       0x0000375c   Section        0  tasks.o(.text.xTaskCreate)
    [Anonymous Symbol]                       0x000037fc   Section        0  tasks.o(.text.xTaskDelayUntil)
    [Anonymous Symbol]                       0x00003914   Section        0  tasks.o(.text.xTaskGetSchedulerState)
    [Anonymous Symbol]                       0x0000394c   Section        0  tasks.o(.text.xTaskGetTickCount)
    [Anonymous Symbol]                       0x00003960   Section        0  tasks.o(.text.xTaskIncrementTick)
    [Anonymous Symbol]                       0x00003bc0   Section        0  tasks.o(.text.xTaskPriorityDisinherit)
    [Anonymous Symbol]                       0x00003cf8   Section        0  tasks.o(.text.xTaskPriorityInherit)
    [Anonymous Symbol]                       0x00003e54   Section        0  tasks.o(.text.xTaskRemoveFromEventList)
    [Anonymous Symbol]                       0x00003fe8   Section        0  tasks.o(.text.xTaskResumeAll)
    $v0                                      0x0000420a   Number         0  fpinit.o(x$fpl$fpinit)
    x$fpl$fpinit                             0x0000420a   Section       26  fpinit.o(x$fpl$fpinit)
    .L.str.5                                 0x00004224   Data           8  main.o(.rodata.str1.1)
    [Anonymous Symbol]                       0x00004224   Section        0  main.o(.rodata.str1.1)
    .L.str                                   0x0000422c   Data           5  main.o(.rodata.str1.1)
    .L.str.2                                 0x00004231   Data          14  main.o(.rodata.str1.1)
    .L.str.4                                 0x0000423f   Data          11  main.o(.rodata.str1.1)
    .L.str.1                                 0x0000424a   Data          12  main.o(.rodata.str1.1)
    .L.str.3                                 0x00004256   Data           9  main.o(.rodata.str1.1)
    .L.str                                   0x0000425f   Data           5  tasks.o(.rodata.str1.1)
    [Anonymous Symbol]                       0x0000425f   Section        0  tasks.o(.rodata.str1.1)
    uxCriticalNesting                        0x20000004   Data           4  port.o(.data.uxCriticalNesting)
    [Anonymous Symbol]                       0x20000004   Section        0  port.o(.data.uxCriticalNesting)
    .bss                                     0x20000008   Section       96  libspace.o(.bss)
    __tagsym$$used.1                         0x2000006c   Number         0  tasks.o(.bss.pxCurrentTCB)
    pxDelayedTaskList                        0x20000070   Data           4  tasks.o(.bss.pxDelayedTaskList)
    [Anonymous Symbol]                       0x20000070   Section        0  tasks.o(.bss.pxDelayedTaskList)
    pxEnd                                    0x20000074   Data           4  heap_4.o(.bss.pxEnd)
    [Anonymous Symbol]                       0x20000074   Section        0  heap_4.o(.bss.pxEnd)
    pxOverflowDelayedTaskList                0x20000078   Data           4  tasks.o(.bss.pxOverflowDelayedTaskList)
    [Anonymous Symbol]                       0x20000078   Section        0  tasks.o(.bss.pxOverflowDelayedTaskList)
    pxReadyTasksLists                        0x2000007c   Data         140  tasks.o(.bss.pxReadyTasksLists)
    [Anonymous Symbol]                       0x2000007c   Section        0  tasks.o(.bss.pxReadyTasksLists)
    ucHeap                                   0x20000108   Data       24576  heap_4.o(.bss.ucHeap)
    [Anonymous Symbol]                       0x20000108   Section        0  heap_4.o(.bss.ucHeap)
    ucMaxSysCallPriority                     0x20006108   Data           1  port.o(.bss.ucMaxSysCallPriority)
    [Anonymous Symbol]                       0x20006108   Section        0  port.o(.bss.ucMaxSysCallPriority)
    ulMaxPRIGROUPValue                       0x2000610c   Data           4  port.o(.bss.ulMaxPRIGROUPValue)
    [Anonymous Symbol]                       0x2000610c   Section        0  port.o(.bss.ulMaxPRIGROUPValue)
    ulStoppedTimerCompensation               0x20006110   Data           4  port.o(.bss.ulStoppedTimerCompensation)
    [Anonymous Symbol]                       0x20006110   Section        0  port.o(.bss.ulStoppedTimerCompensation)
    ulTimerCountsForOneTick                  0x20006114   Data           4  port.o(.bss.ulTimerCountsForOneTick)
    [Anonymous Symbol]                       0x20006114   Section        0  port.o(.bss.ulTimerCountsForOneTick)
    uxCurrentNumberOfTasks                   0x20006118   Data           4  tasks.o(.bss.uxCurrentNumberOfTasks)
    [Anonymous Symbol]                       0x20006118   Section        0  tasks.o(.bss.uxCurrentNumberOfTasks)
    uxDeletedTasksWaitingCleanUp             0x2000611c   Data           4  tasks.o(.bss.uxDeletedTasksWaitingCleanUp)
    [Anonymous Symbol]                       0x2000611c   Section        0  tasks.o(.bss.uxDeletedTasksWaitingCleanUp)
    uxSchedulerSuspended                     0x20006120   Data           4  tasks.o(.bss.uxSchedulerSuspended)
    [Anonymous Symbol]                       0x20006120   Section        0  tasks.o(.bss.uxSchedulerSuspended)
    uxTaskNumber                             0x20006124   Data           4  tasks.o(.bss.uxTaskNumber)
    [Anonymous Symbol]                       0x20006124   Section        0  tasks.o(.bss.uxTaskNumber)
    uxTopReadyPriority                       0x20006128   Data           4  tasks.o(.bss.uxTopReadyPriority)
    [Anonymous Symbol]                       0x20006128   Section        0  tasks.o(.bss.uxTopReadyPriority)
    xDelayedTaskList1                        0x20006144   Data          20  tasks.o(.bss.xDelayedTaskList1)
    [Anonymous Symbol]                       0x20006144   Section        0  tasks.o(.bss.xDelayedTaskList1)
    xDelayedTaskList2                        0x20006158   Data          20  tasks.o(.bss.xDelayedTaskList2)
    [Anonymous Symbol]                       0x20006158   Section        0  tasks.o(.bss.xDelayedTaskList2)
    xFreeBytesRemaining                      0x2000616c   Data           4  heap_4.o(.bss.xFreeBytesRemaining)
    [Anonymous Symbol]                       0x2000616c   Section        0  heap_4.o(.bss.xFreeBytesRemaining)
    xIdleTaskHandle                          0x20006170   Data           4  tasks.o(.bss.xIdleTaskHandle)
    [Anonymous Symbol]                       0x20006170   Section        0  tasks.o(.bss.xIdleTaskHandle)
    xMaximumPossibleSuppressedTicks          0x20006174   Data           4  port.o(.bss.xMaximumPossibleSuppressedTicks)
    [Anonymous Symbol]                       0x20006174   Section        0  port.o(.bss.xMaximumPossibleSuppressedTicks)
    xMinimumEverFreeBytesRemaining           0x20006178   Data           4  heap_4.o(.bss.xMinimumEverFreeBytesRemaining)
    [Anonymous Symbol]                       0x20006178   Section        0  heap_4.o(.bss.xMinimumEverFreeBytesRemaining)
    xNextTaskUnblockTime                     0x20006180   Data           4  tasks.o(.bss.xNextTaskUnblockTime)
    [Anonymous Symbol]                       0x20006180   Section        0  tasks.o(.bss.xNextTaskUnblockTime)
    xNumOfOverflows                          0x20006184   Data           4  tasks.o(.bss.xNumOfOverflows)
    [Anonymous Symbol]                       0x20006184   Section        0  tasks.o(.bss.xNumOfOverflows)
    xNumberOfSuccessfulAllocations           0x20006188   Data           4  heap_4.o(.bss.xNumberOfSuccessfulAllocations)
    [Anonymous Symbol]                       0x20006188   Section        0  heap_4.o(.bss.xNumberOfSuccessfulAllocations)
    xNumberOfSuccessfulFrees                 0x2000618c   Data           4  heap_4.o(.bss.xNumberOfSuccessfulFrees)
    [Anonymous Symbol]                       0x2000618c   Section        0  heap_4.o(.bss.xNumberOfSuccessfulFrees)
    xPendedTicks                             0x20006190   Data           4  tasks.o(.bss.xPendedTicks)
    [Anonymous Symbol]                       0x20006190   Section        0  tasks.o(.bss.xPendedTicks)
    xPendingReadyList                        0x20006194   Data          20  tasks.o(.bss.xPendingReadyList)
    [Anonymous Symbol]                       0x20006194   Section        0  tasks.o(.bss.xPendingReadyList)
    xSchedulerRunning                        0x200061a8   Data           4  tasks.o(.bss.xSchedulerRunning)
    [Anonymous Symbol]                       0x200061a8   Section        0  tasks.o(.bss.xSchedulerRunning)
    xStart                                   0x200061ac   Data           8  heap_4.o(.bss.xStart)
    [Anonymous Symbol]                       0x200061ac   Section        0  heap_4.o(.bss.xStart)
    xSuspendedTaskList                       0x200061b4   Data          20  tasks.o(.bss.xSuspendedTaskList)
    [Anonymous Symbol]                       0x200061b4   Section        0  tasks.o(.bss.xSuspendedTaskList)
    xTasksWaitingTermination                 0x200061c8   Data          20  tasks.o(.bss.xTasksWaitingTermination)
    [Anonymous Symbol]                       0x200061c8   Section        0  tasks.o(.bss.xTasksWaitingTermination)
    xTickCount                               0x200061dc   Data           4  tasks.o(.bss.xTickCount)
    [Anonymous Symbol]                       0x200061dc   Section        0  tasks.o(.bss.xTickCount)
    xYieldPending                            0x200061e0   Data           4  tasks.o(.bss.xYieldPending)
    [Anonymous Symbol]                       0x200061e0   Section        0  tasks.o(.bss.xYieldPending)
    Heap_Mem                                 0x200061e8   Data           0  startup_tm4c123.o(HEAP)
    Stack_Mem                                0x200061e8   Data         512  startup_tm4c123.o(STACK)
    HEAP                                     0x200061e8   Section        0  startup_tm4c123.o(HEAP)
    STACK                                    0x200061e8   Section      512  startup_tm4c123.o(STACK)
    __initial_sp                             0x200063e8   Data           0  startup_tm4c123.o(STACK)

    Global Symbols

    Symbol Name                              Value     Ov Type        Size  Object(Section)

    BuildAttributes$$THM_ISAv4$E$P$D$K$B$S$7EM$VFPi3$EXTD16$VFPS$VFMA$PE$A:L22UL41UL21$X:L11$S22US41US21$IEEE1$IW$~IW$USESV6$~STKCKD$USESV7$~SHL$OSPACE$ROPI$EBA8$UX$STANDARDLIB$REQ8$PRES8$EABIv2 0x00000000   Number         0  anon$$obj.o ABSOLUTE
    __Vectors                                0x00000000   Data           4  startup_tm4c123.o(RESET)
    __ARM_exceptions_init                     - Undefined Weak Reference
    __alloca_initialize                       - Undefined Weak Reference
    __arm_preinit_                            - Undefined Weak Reference
    __arm_relocate_pie_                       - Undefined Weak Reference
    __cpp_initialize__aeabi_                  - Undefined Weak Reference
    __cxa_finalize                            - Undefined Weak Reference
    __rt_locale                               - Undefined Weak Reference
    __sigvec_lookup                           - Undefined Weak Reference
    _atexit_init                              - Undefined Weak Reference
    _call_atexit_fns                          - Undefined Weak Reference
    _clock_init                               - Undefined Weak Reference
    _fp_trap_init                             - Undefined Weak Reference
    _fp_trap_shutdown                         - Undefined Weak Reference
    _get_lc_collate                           - Undefined Weak Reference
    _get_lc_ctype                             - Undefined Weak Reference
    _get_lc_monetary                          - Undefined Weak Reference
    _get_lc_numeric                           - Undefined Weak Reference
    _get_lc_time                              - Undefined Weak Reference
    _getenv_init                              - Undefined Weak Reference
    _handle_redirection                       - Undefined Weak Reference
    _init_alloc                               - Undefined Weak Reference
    _init_user_alloc                          - Undefined Weak Reference
    _initio                                   - Undefined Weak Reference
    _rand_init                                - Undefined Weak Reference
    _signal_finish                            - Undefined Weak Reference
    _signal_init                              - Undefined Weak Reference
    _terminate_alloc                          - Undefined Weak Reference
    _terminate_user_alloc                     - Undefined Weak Reference
    _terminateio                              - Undefined Weak Reference
    __Vectors_End                            0x0000026c   Data           0  startup_tm4c123.o(RESET)
    __Vectors_Size                           0x0000026c   Number         0  startup_tm4c123.o ABSOLUTE
    __main                                   0x0000026d   Thumb Code     8  __main.o(!!!main)
    __scatterload                            0x00000275   Thumb Code     0  __scatter.o(!!!scatter)
    __scatterload_rt2                        0x00000275   Thumb Code    44  __scatter.o(!!!scatter)
    __scatterload_rt2_thumb_only             0x00000275   Thumb Code     0  __scatter.o(!!!scatter)
    __scatterload_null                       0x00000283   Thumb Code     0  __scatter.o(!!!scatter)
    __scatterload_copy                       0x000002a9   Thumb Code    26  __scatter_copy.o(!!handler_copy)
    __scatterload_zeroinit                   0x000002c5   Thumb Code    28  __scatter_zi.o(!!handler_zi)
    __rt_lib_init                            0x000002e1   Thumb Code     0  libinit.o(.ARM.Collect$$libinit$$00000000)
    __rt_lib_init_fp_1                       0x000002e3   Thumb Code     0  libinit2.o(.ARM.Collect$$libinit$$00000001)
    __rt_lib_init_alloca_1                   0x000002e7   Thumb Code     0  libinit2.o(.ARM.Collect$$libinit$$00000030)
    __rt_lib_init_argv_1                     0x000002e7   Thumb Code     0  libinit2.o(.ARM.Collect$$libinit$$0000002E)
    __rt_lib_init_atexit_1                   0x000002e7   Thumb Code     0  libinit2.o(.ARM.Collect$$libinit$$0000001D)
    __rt_lib_init_clock_1                    0x000002e7   Thumb Code     0  libinit2.o(.ARM.Collect$$libinit$$00000023)
    __rt_lib_init_cpp_1                      0x000002e7   Thumb Code     0  libinit2.o(.ARM.Collect$$libinit$$00000034)
    __rt_lib_init_exceptions_1               0x000002e7   Thumb Code     0  libinit2.o(.ARM.Collect$$libinit$$00000032)
    __rt_lib_init_fp_trap_1                  0x000002e7   Thumb Code     0  libinit2.o(.ARM.Collect$$libinit$$00000021)
    __rt_lib_init_getenv_1                   0x000002e7   Thumb Code     0  libinit2.o(.ARM.Collect$$libinit$$00000025)
    __rt_lib_init_heap_1                     0x000002e7   Thumb Code     0  libinit2.o(.ARM.Collect$$libinit$$0000000C)
    __rt_lib_init_lc_collate_1               0x000002e7   Thumb Code     0  libinit2.o(.ARM.Collect$$libinit$$00000013)
    __rt_lib_init_lc_ctype_1                 0x000002e7   Thumb Code     0  libinit2.o(.ARM.Collect$$libinit$$00000015)
    __rt_lib_init_lc_monetary_1              0x000002e7   Thumb Code     0  libinit2.o(.ARM.Collect$$libinit$$00000017)
    __rt_lib_init_lc_numeric_1               0x000002e7   Thumb Code     0  libinit2.o(.ARM.Collect$$libinit$$00000019)
    __rt_lib_init_lc_time_1                  0x000002e7   Thumb Code     0  libinit2.o(.ARM.Collect$$libinit$$0000001B)
    __rt_lib_init_preinit_1                  0x000002e7   Thumb Code     0  libinit2.o(.ARM.Collect$$libinit$$00000006)
    __rt_lib_init_rand_1                     0x000002e7   Thumb Code     0  libinit2.o(.ARM.Collect$$libinit$$00000010)
    __rt_lib_init_relocate_pie_1             0x000002e7   Thumb Code     0  libinit2.o(.ARM.Collect$$libinit$$00000004)
    __rt_lib_init_return                     0x000002e7   Thumb Code     0  libinit2.o(.ARM.Collect$$libinit$$00000035)
    __rt_lib_init_signal_1                   0x000002e7   Thumb Code     0  libinit2.o(.ARM.Collect$$libinit$$0000001F)
    __rt_lib_init_stdio_1                    0x000002e7   Thumb Code     0  libinit2.o(.ARM.Collect$$libinit$$00000027)
    __rt_lib_init_user_alloc_1               0x000002e7   Thumb Code     0  libinit2.o(.ARM.Collect$$libinit$$0000000E)
    __rt_lib_shutdown                        0x000002e9   Thumb Code     0  libshutdown.o(.ARM.Collect$$libshutdown$$00000000)
    __rt_lib_shutdown_cpp_1                  0x000002eb   Thumb Code     0  libshutdown2.o(.ARM.Collect$$libshutdown$$00000002)
    __rt_lib_shutdown_fp_trap_1              0x000002eb   Thumb Code     0  libshutdown2.o(.ARM.Collect$$libshutdown$$00000007)
    __rt_lib_shutdown_heap_1                 0x000002eb   Thumb Code     0  libshutdown2.o(.ARM.Collect$$libshutdown$$0000000F)
    __rt_lib_shutdown_return                 0x000002eb   Thumb Code     0  libshutdown2.o(.ARM.Collect$$libshutdown$$00000010)
    __rt_lib_shutdown_signal_1               0x000002eb   Thumb Code     0  libshutdown2.o(.ARM.Collect$$libshutdown$$0000000A)
    __rt_lib_shutdown_stdio_1                0x000002eb   Thumb Code     0  libshutdown2.o(.ARM.Collect$$libshutdown$$00000004)
    __rt_lib_shutdown_user_alloc_1           0x000002eb   Thumb Code     0  libshutdown2.o(.ARM.Collect$$libshutdown$$0000000C)
    __rt_entry                               0x000002ed   Thumb Code     0  __rtentry.o(.ARM.Collect$$rtentry$$00000000)
    __rt_entry_presh_1                       0x000002ed   Thumb Code     0  __rtentry2.o(.ARM.Collect$$rtentry$$00000002)
    __rt_entry_sh                            0x000002ed   Thumb Code     0  __rtentry4.o(.ARM.Collect$$rtentry$$00000004)
    __rt_entry_li                            0x000002f3   Thumb Code     0  __rtentry2.o(.ARM.Collect$$rtentry$$0000000A)
    __rt_entry_postsh_1                      0x000002f3   Thumb Code     0  __rtentry2.o(.ARM.Collect$$rtentry$$00000009)
    __rt_entry_main                          0x000002f7   Thumb Code     0  __rtentry2.o(.ARM.Collect$$rtentry$$0000000D)
    __rt_entry_postli_1                      0x000002f7   Thumb Code     0  __rtentry2.o(.ARM.Collect$$rtentry$$0000000C)
    __rt_exit                                0x000002ff   Thumb Code     0  rtexit.o(.ARM.Collect$$rtexit$$00000000)
    __rt_exit_ls                             0x00000301   Thumb Code     0  rtexit2.o(.ARM.Collect$$rtexit$$00000003)
    __rt_exit_prels_1                        0x00000301   Thumb Code     0  rtexit2.o(.ARM.Collect$$rtexit$$00000002)
    __rt_exit_exit                           0x00000305   Thumb Code     0  rtexit2.o(.ARM.Collect$$rtexit$$00000004)
    Reset_Handler                            0x0000030d   Thumb Code     8  startup_tm4c123.o(.text)
    NMI_Handler                              0x00000315   Thumb Code     2  startup_tm4c123.o(.text)
    HardFault_Handler                        0x00000317   Thumb Code     2  startup_tm4c123.o(.text)
    MemManage_Handler                        0x00000319   Thumb Code     2  startup_tm4c123.o(.text)
    BusFault_Handler                         0x0000031b   Thumb Code     2  startup_tm4c123.o(.text)
    UsageFault_Handler                       0x0000031d   Thumb Code     2  startup_tm4c123.o(.text)
    DebugMon_Handler                         0x00000321   Thumb Code     2  startup_tm4c123.o(.text)
    GPIOB_Handler                            0x00000329   Thumb Code     2  startup_tm4c123.o(.text)
    GPIOC_Handler                            0x0000032b   Thumb Code     2  startup_tm4c123.o(.text)
    GPIOD_Handler                            0x0000032d   Thumb Code     2  startup_tm4c123.o(.text)
    UART0_Handler                            0x00000331   Thumb Code     2  startup_tm4c123.o(.text)
    UART1_Handler                            0x00000333   Thumb Code     2  startup_tm4c123.o(.text)
    SSI0_Handler                             0x00000335   Thumb Code     2  startup_tm4c123.o(.text)
    I2C0_Handler                             0x00000337   Thumb Code     2  startup_tm4c123.o(.text)
    PMW0_FAULT_Handler                       0x00000339   Thumb Code     2  startup_tm4c123.o(.text)
    PWM0_0_Handler                           0x0000033b   Thumb Code     2  startup_tm4c123.o(.text)
    PWM0_1_Handler                           0x0000033d   Thumb Code     2  startup_tm4c123.o(.text)
    PWM0_2_Handler                           0x0000033f   Thumb Code     2  startup_tm4c123.o(.text)
    QEI0_Handler                             0x00000341   Thumb Code     2  startup_tm4c123.o(.text)
    ADC0SS0_Handler                          0x00000343   Thumb Code     2  startup_tm4c123.o(.text)
    ADC0SS1_Handler                          0x00000345   Thumb Code     2  startup_tm4c123.o(.text)
    ADC0SS2_Handler                          0x00000347   Thumb Code     2  startup_tm4c123.o(.text)
    ADC0SS3_Handler                          0x00000349   Thumb Code     2  startup_tm4c123.o(.text)
    WDT0_Handler                             0x0000034b   Thumb Code     2  startup_tm4c123.o(.text)
    TIMER0A_Handler                          0x0000034d   Thumb Code     2  startup_tm4c123.o(.text)
    TIMER0B_Handler                          0x0000034f   Thumb Code     2  startup_tm4c123.o(.text)
    TIMER1A_Handler                          0x00000351   Thumb Code     2  startup_tm4c123.o(.text)
    TIMER1B_Handler                          0x00000353   Thumb Code     2  startup_tm4c123.o(.text)
    TIMER2A_Handler                          0x00000355   Thumb Code     2  startup_tm4c123.o(.text)
    TIMER2B_Handler                          0x00000357   Thumb Code     2  startup_tm4c123.o(.text)
    COMP0_Handler                            0x00000359   Thumb Code     2  startup_tm4c123.o(.text)
    COMP1_Handler                            0x0000035b   Thumb Code     2  startup_tm4c123.o(.text)
    COMP2_Handler                            0x0000035d   Thumb Code     2  startup_tm4c123.o(.text)
    SYSCTL_Handler                           0x0000035f   Thumb Code     2  startup_tm4c123.o(.text)
    FLASH_Handler                            0x00000361   Thumb Code     2  startup_tm4c123.o(.text)
    GPIOG_Handler                            0x00000365   Thumb Code     2  startup_tm4c123.o(.text)
    GPIOH_Handler                            0x00000367   Thumb Code     2  startup_tm4c123.o(.text)
    UART2_Handler                            0x00000369   Thumb Code     2  startup_tm4c123.o(.text)
    SSI1_Handler                             0x0000036b   Thumb Code     2  startup_tm4c123.o(.text)
    TIMER3A_Handler                          0x0000036d   Thumb Code     2  startup_tm4c123.o(.text)
    TIMER3B_Handler                          0x0000036f   Thumb Code     2  startup_tm4c123.o(.text)
    I2C1_Handler                             0x00000371   Thumb Code     2  startup_tm4c123.o(.text)
    QEI1_Handler                             0x00000373   Thumb Code     2  startup_tm4c123.o(.text)
    CAN0_Handler                             0x00000375   Thumb Code     2  startup_tm4c123.o(.text)
    CAN1_Handler                             0x00000377   Thumb Code     2  startup_tm4c123.o(.text)
    CAN2_Handler                             0x00000379   Thumb Code     2  startup_tm4c123.o(.text)
    HIB_Handler                              0x0000037b   Thumb Code     2  startup_tm4c123.o(.text)
    USB0_Handler                             0x0000037d   Thumb Code     2  startup_tm4c123.o(.text)
    PWM0_3_Handler                           0x0000037f   Thumb Code     2  startup_tm4c123.o(.text)
    UDMA_Handler                             0x00000381   Thumb Code     2  startup_tm4c123.o(.text)
    UDMAERR_Handler                          0x00000383   Thumb Code     2  startup_tm4c123.o(.text)
    ADC1SS0_Handler                          0x00000385   Thumb Code     2  startup_tm4c123.o(.text)
    ADC1SS1_Handler                          0x00000387   Thumb Code     2  startup_tm4c123.o(.text)
    ADC1SS2_Handler                          0x00000389   Thumb Code     2  startup_tm4c123.o(.text)
    ADC1SS3_Handler                          0x0000038b   Thumb Code     2  startup_tm4c123.o(.text)
    GPIOJ_Handler                            0x0000038d   Thumb Code     2  startup_tm4c123.o(.text)
    GPIOK_Handler                            0x0000038f   Thumb Code     2  startup_tm4c123.o(.text)
    GPIOL_Handler                            0x00000391   Thumb Code     2  startup_tm4c123.o(.text)
    SSI2_Handler                             0x00000393   Thumb Code     2  startup_tm4c123.o(.text)
    SSI3_Handler                             0x00000395   Thumb Code     2  startup_tm4c123.o(.text)
    UART3_Handler                            0x00000397   Thumb Code     2  startup_tm4c123.o(.text)
    UART4_Handler                            0x00000399   Thumb Code     2  startup_tm4c123.o(.text)
    UART5_Handler                            0x0000039b   Thumb Code     2  startup_tm4c123.o(.text)
    UART6_Handler                            0x0000039d   Thumb Code     2  startup_tm4c123.o(.text)
    UART7_Handler                            0x0000039f   Thumb Code     2  startup_tm4c123.o(.text)
    I2C2_Handler                             0x000003a1   Thumb Code     2  startup_tm4c123.o(.text)
    I2C3_Handler                             0x000003a3   Thumb Code     2  startup_tm4c123.o(.text)
    TIMER4A_Handler                          0x000003a5   Thumb Code     2  startup_tm4c123.o(.text)
    TIMER4B_Handler                          0x000003a7   Thumb Code     2  startup_tm4c123.o(.text)
    TIMER5A_Handler                          0x000003a9   Thumb Code     2  startup_tm4c123.o(.text)
    TIMER5B_Handler                          0x000003ab   Thumb Code     2  startup_tm4c123.o(.text)
    WTIMER0A_Handler                         0x000003ad   Thumb Code     2  startup_tm4c123.o(.text)
    WTIMER0B_Handler                         0x000003af   Thumb Code     2  startup_tm4c123.o(.text)
    WTIMER1A_Handler                         0x000003b1   Thumb Code     2  startup_tm4c123.o(.text)
    WTIMER1B_Handler                         0x000003b3   Thumb Code     2  startup_tm4c123.o(.text)
    WTIMER2A_Handler                         0x000003b5   Thumb Code     2  startup_tm4c123.o(.text)
    WTIMER2B_Handler                         0x000003b7   Thumb Code     2  startup_tm4c123.o(.text)
    WTIMER3A_Handler                         0x000003b9   Thumb Code     2  startup_tm4c123.o(.text)
    WTIMER3B_Handler                         0x000003bb   Thumb Code     2  startup_tm4c123.o(.text)
    WTIMER4A_Handler                         0x000003bd   Thumb Code     2  startup_tm4c123.o(.text)
    WTIMER4B_Handler                         0x000003bf   Thumb Code     2  startup_tm4c123.o(.text)
    WTIMER5A_Handler                         0x000003c1   Thumb Code     2  startup_tm4c123.o(.text)
    WTIMER5B_Handler                         0x000003c3   Thumb Code     2  startup_tm4c123.o(.text)
    FPU_Handler                              0x000003c5   Thumb Code     2  startup_tm4c123.o(.text)
    I2C4_Handler                             0x000003c7   Thumb Code     2  startup_tm4c123.o(.text)
    I2C5_Handler                             0x000003c9   Thumb Code     2  startup_tm4c123.o(.text)
    GPIOM_Handler                            0x000003cb   Thumb Code     2  startup_tm4c123.o(.text)
    GPION_Handler                            0x000003cd   Thumb Code     2  startup_tm4c123.o(.text)
    QEI2_Handler                             0x000003cf   Thumb Code     2  startup_tm4c123.o(.text)
    GPIOP0_Handler                           0x000003d1   Thumb Code     2  startup_tm4c123.o(.text)
    GPIOP1_Handler                           0x000003d3   Thumb Code     2  startup_tm4c123.o(.text)
    GPIOP2_Handler                           0x000003d5   Thumb Code     2  startup_tm4c123.o(.text)
    GPIOP3_Handler                           0x000003d7   Thumb Code     2  startup_tm4c123.o(.text)
    GPIOP4_Handler                           0x000003d9   Thumb Code     2  startup_tm4c123.o(.text)
    GPIOP5_Handler                           0x000003db   Thumb Code     2  startup_tm4c123.o(.text)
    GPIOP6_Handler                           0x000003dd   Thumb Code     2  startup_tm4c123.o(.text)
    GPIOP7_Handler                           0x000003df   Thumb Code     2  startup_tm4c123.o(.text)
    GPIOQ0_Handler                           0x000003e1   Thumb Code     2  startup_tm4c123.o(.text)
    GPIOQ1_Handler                           0x000003e3   Thumb Code     2  startup_tm4c123.o(.text)
    GPIOQ2_Handler                           0x000003e5   Thumb Code     2  startup_tm4c123.o(.text)
    GPIOQ3_Handler                           0x000003e7   Thumb Code     2  startup_tm4c123.o(.text)
    GPIOQ4_Handler                           0x000003e9   Thumb Code     2  startup_tm4c123.o(.text)
    GPIOQ5_Handler                           0x000003eb   Thumb Code     2  startup_tm4c123.o(.text)
    GPIOQ6_Handler                           0x000003ed   Thumb Code     2  startup_tm4c123.o(.text)
    GPIOQ7_Handler                           0x000003ef   Thumb Code     2  startup_tm4c123.o(.text)
    GPIOR_Handler                            0x000003f1   Thumb Code     2  startup_tm4c123.o(.text)
    GPIOS_Handler                            0x000003f3   Thumb Code     2  startup_tm4c123.o(.text)
    PMW1_0_Handler                           0x000003f5   Thumb Code     2  startup_tm4c123.o(.text)
    PWM1_1_Handler                           0x000003f7   Thumb Code     2  startup_tm4c123.o(.text)
    PWM1_2_Handler                           0x000003f9   Thumb Code     2  startup_tm4c123.o(.text)
    PWM1_3_Handler                           0x000003fb   Thumb Code     2  startup_tm4c123.o(.text)
    PWM1_FAULT_Handler                       0x000003fd   Thumb Code     2  startup_tm4c123.o(.text)
    __user_initial_stackheap                 0x00000401   Thumb Code     0  startup_tm4c123.o(.text)
    __aeabi_memcpy                           0x00000421   Thumb Code     0  rt_memcpy_v6.o(.text)
    __rt_memcpy                              0x00000421   Thumb Code   138  rt_memcpy_v6.o(.text)
    _memcpy_lastbytes                        0x00000487   Thumb Code     0  rt_memcpy_v6.o(.text)
    __aeabi_memset4                          0x000004ab   Thumb Code    16  aeabi_memset4.o(.text)
    __aeabi_memset8                          0x000004ab   Thumb Code     0  aeabi_memset4.o(.text)
    __aeabi_memclr                           0x000004bb   Thumb Code     0  rt_memclr.o(.text)
    __rt_memclr                              0x000004bb   Thumb Code     0  rt_memclr.o(.text)
    _memset                                  0x000004bf   Thumb Code    64  rt_memclr.o(.text)
    __use_two_region_memory                  0x000004ff   Thumb Code     2  heapauxi.o(.text)
    __rt_heap_escrow$2region                 0x00000501   Thumb Code     2  heapauxi.o(.text)
    __rt_heap_expand$2region                 0x00000503   Thumb Code     2  heapauxi.o(.text)
    __aeabi_memcpy4                          0x00000505   Thumb Code     0  rt_memcpy_w.o(.text)
    __aeabi_memcpy8                          0x00000505   Thumb Code     0  rt_memcpy_w.o(.text)
    __rt_memcpy_w                            0x00000505   Thumb Code   100  rt_memcpy_w.o(.text)
    _memcpy_lastbytes_aligned                0x0000054d   Thumb Code     0  rt_memcpy_w.o(.text)
    __aeabi_memclr4                          0x00000569   Thumb Code     0  rt_memclr_w.o(.text)
    __aeabi_memclr8                          0x00000569   Thumb Code     0  rt_memclr_w.o(.text)
    __rt_memclr_w                            0x00000569   Thumb Code     0  rt_memclr_w.o(.text)
    _memset_w                                0x0000056d   Thumb Code    74  rt_memclr_w.o(.text)
    __user_setup_stackheap                   0x000005b7   Thumb Code    74  sys_stackheap_outer.o(.text)
    exit                                     0x00000601   Thumb Code    18  exit.o(.text)
    __user_libspace                          0x00000615   Thumb Code     8  libspace.o(.text)
    __user_perproc_libspace                  0x00000615   Thumb Code     0  libspace.o(.text)
    __user_perthread_libspace                0x00000615   Thumb Code     0  libspace.o(.text)
    _sys_exit                                0x0000061d   Thumb Code     8  sys_exit.o(.text)
    __I$use$semihosting                      0x00000629   Thumb Code     0  use_no_semi.o(.text)
    __use_no_semihosting_swi                 0x00000629   Thumb Code     2  use_no_semi.o(.text)
    __semihosting_library_function           0x0000062b   Thumb Code     0  indicate_semi.o(.text)
    Delay_ms                                 0x0000062d   Thumb Code    66  driver.o(.text.Delay_ms)
    DriverDown                               0x00000671   Thumb Code   270  main.o(.text.DriverDown)
    DriverUp                                 0x00000781   Thumb Code   270  main.o(.text.DriverUp)
    GPIOA_Handler                            0x00000891   Thumb Code   228  main.o(.text.GPIOA_Handler)
    GPIOE_Handler                            0x00000975   Thumb Code   196  main.o(.text.GPIOE_Handler)
    GPIOF_Handler                            0x00000a39   Thumb Code   196  main.o(.text.GPIOF_Handler)
    Jamming                                  0x00000afd   Thumb Code   106  main.o(.text.Jamming)
    Lock                                     0x00000b69   Thumb Code   144  main.o(.text.Lock)
    Motor_Control                            0x00000bf9   Thumb Code   108  main.o(.text.Motor_Control)
    PassengerDown                            0x00000c65   Thumb Code   192  main.o(.text.PassengerDown)
    PassengerUp                              0x00000d25   Thumb Code   192  main.o(.text.PassengerUp)
    PendSV_Handler                           0x00000df1   Thumb Code   100  port.o(.text.PendSV_Handler)
    ReadPin                                  0x00000e55   Thumb Code    26  main.o(.text.ReadPin)
    SVC_Handler                              0x00000e71   Thumb Code    36  port.o(.text.SVC_Handler)
    SysTick_Handler                          0x00000e95   Thumb Code    60  port.o(.text.SysTick_Handler)
    SystemInit                               0x00000ed1   Thumb Code   268  system_tm4c123.o(.text.SystemInit)
    eTaskConfirmSleepModeStatus              0x00001021   Thumb Code   128  tasks.o(.text.eTaskConfirmSleepModeStatus)
    main                                     0x000010a1   Thumb Code   578  main.o(.text.main)
    portA_init                               0x000012e5   Thumb Code   218  driver.o(.text.portA_init)
    portE_init                               0x000013c1   Thumb Code   226  driver.o(.text.portE_init)
    portF_init                               0x000014a5   Thumb Code   226  driver.o(.text.portF_init)
    pvPortMalloc                             0x000020ed   Thumb Code   456  heap_4.o(.text.pvPortMalloc)
    pvTaskIncrementMutexHeldCount            0x000022b5   Thumb Code    44  tasks.o(.text.pvTaskIncrementMutexHeldCount)
    pxPortInitialiseStack                    0x000022e1   Thumb Code    94  port.o(.text.pxPortInitialiseStack)
    uxListRemove                             0x00002341   Thumb Code    72  list.o(.text.uxListRemove)
    uxTaskGetNumberOfTasks                   0x00002389   Thumb Code    12  tasks.o(.text.uxTaskGetNumberOfTasks)
    vApplicationIdleHook                     0x00002395   Thumb Code     2  main.o(.text.vApplicationIdleHook)
    vListInitialise                          0x00002399   Thumb Code    46  list.o(.text.vListInitialise)
    vListInitialiseItem                      0x000023c9   Thumb Code    14  list.o(.text.vListInitialiseItem)
    vListInsert                              0x000023d9   Thumb Code   106  list.o(.text.vListInsert)
    vPortEnterCritical                       0x00002459   Thumb Code    86  port.o(.text.vPortEnterCritical)
    vPortExitCritical                        0x000024b1   Thumb Code    74  port.o(.text.vPortExitCritical)
    vPortFree                                0x000024fd   Thumb Code   186  heap_4.o(.text.vPortFree)
    vPortSetupTimerInterrupt                 0x000025b9   Thumb Code   120  port.o(.text.vPortSetupTimerInterrupt)
    vPortSuppressTicksAndSleep               0x00002631   Thumb Code   544  port.o(.text.vPortSuppressTicksAndSleep)
    vPortValidateInterruptPriority           0x00002851   Thumb Code   132  port.o(.text.vPortValidateInterruptPriority)
    vTaskInternalSetTimeOutState             0x000028d5   Thumb Code    36  tasks.o(.text.vTaskInternalSetTimeOutState)
    vTaskMissedYield                         0x000028f9   Thumb Code    14  tasks.o(.text.vTaskMissedYield)
    vTaskPlaceOnEventList                    0x00002909   Thumb Code    66  tasks.o(.text.vTaskPlaceOnEventList)
    vTaskPriorityDisinheritAfterTimeout      0x0000294d   Thumb Code   386  tasks.o(.text.vTaskPriorityDisinheritAfterTimeout)
    vTaskStartScheduler                      0x00002ad1   Thumb Code   162  tasks.o(.text.vTaskStartScheduler)
    vTaskStepTick                            0x00002b75   Thumb Code   204  tasks.o(.text.vTaskStepTick)
    vTaskSuspendAll                          0x00002c41   Thumb Code    16  tasks.o(.text.vTaskSuspendAll)
    vTaskSwitchContext                       0x00002c51   Thumb Code   190  tasks.o(.text.vTaskSwitchContext)
    xPortStartScheduler                      0x00002d11   Thumb Code   380  port.o(.text.xPortStartScheduler)
    xQueueCreateMutex                        0x00002e8d   Thumb Code    38  queue.o(.text.xQueueCreateMutex)
    xQueueGenericCreate                      0x00002eb5   Thumb Code   154  queue.o(.text.xQueueGenericCreate)
    xQueueGenericReset                       0x00002f51   Thumb Code   264  queue.o(.text.xQueueGenericReset)
    xQueueGenericSend                        0x00003059   Thumb Code   628  queue.o(.text.xQueueGenericSend)
    xQueueGiveFromISR                        0x000032cd   Thumb Code   386  queue.o(.text.xQueueGiveFromISR)
    xQueueSemaphoreTake                      0x00003451   Thumb Code   528  queue.o(.text.xQueueSemaphoreTake)
    xTaskCheckForTimeOut                     0x00003661   Thumb Code   252  tasks.o(.text.xTaskCheckForTimeOut)
    xTaskCreate                              0x0000375d   Thumb Code   160  tasks.o(.text.xTaskCreate)
    xTaskDelayUntil                          0x000037fd   Thumb Code   278  tasks.o(.text.xTaskDelayUntil)
    xTaskGetSchedulerState                   0x00003915   Thumb Code    56  tasks.o(.text.xTaskGetSchedulerState)
    xTaskGetTickCount                        0x0000394d   Thumb Code    20  tasks.o(.text.xTaskGetTickCount)
    xTaskIncrementTick                       0x00003961   Thumb Code   608  tasks.o(.text.xTaskIncrementTick)
    xTaskPriorityDisinherit                  0x00003bc1   Thumb Code   312  tasks.o(.text.xTaskPriorityDisinherit)
    xTaskPriorityInherit                     0x00003cf9   Thumb Code   348  tasks.o(.text.xTaskPriorityInherit)
    xTaskRemoveFromEventList                 0x00003e55   Thumb Code   402  tasks.o(.text.xTaskRemoveFromEventList)
    xTaskResumeAll                           0x00003fe9   Thumb Code   546  tasks.o(.text.xTaskResumeAll)
    _fp_init                                 0x0000420b   Thumb Code    26  fpinit.o(x$fpl$fpinit)
    __fplib_config_fpu_vfp                   0x00004223   Thumb Code     0  fpinit.o(x$fpl$fpinit)
    __fplib_config_pureend_doubles           0x00004223   Thumb Code     0  fpinit.o(x$fpl$fpinit)
    uxTopUsedPriority                        0x00004264   Data           4  tasks.o(.rodata.uxTopUsedPriority)
    Region$$Table$$Base                      0x00004268   Number         0  anon$$obj.o(Region$$Table)
    Region$$Table$$Limit                     0x00004288   Number         0  anon$$obj.o(Region$$Table)
    SystemCoreClock                          0x20000000   Data           4  system_tm4c123.o(.data.SystemCoreClock)
    __libspace_start                         0x20000008   Data          96  libspace.o(.bss)
    Locked                                   0x20000068   Data           4  main.o(.bss.Locked)
    __temporary_stack_top$libspace           0x20000068   Data           0  libspace.o(.bss)
    pxCurrentTCB                             0x2000006c   Data           4  tasks.o(.bss.pxCurrentTCB)
    xBinarySemaphore1                        0x2000612c   Data           4  main.o(.bss.xBinarySemaphore1)
    xBinarySemaphore2                        0x20006130   Data           4  main.o(.bss.xBinarySemaphore2)
    xBinarySemaphore3                        0x20006134   Data           4  main.o(.bss.xBinarySemaphore3)
    xBinarySemaphore4                        0x20006138   Data           4  main.o(.bss.xBinarySemaphore4)
    xBinarySemaphore5                        0x2000613c   Data           4  main.o(.bss.xBinarySemaphore5)
    xBinarySemaphore6                        0x20006140   Data           4  main.o(.bss.xBinarySemaphore6)
    xMutex                                   0x2000617c   Data           4  main.o(.bss.xMutex)



==============================================================================

Memory Map of the image

  Image Entry point : 0x0000030d

  Load Region LR_1 (Base: 0x00000000, Size: 0x00004290, Max: 0xffffffff, ABSOLUTE)

    Execution Region ER_RO (Exec base: 0x00000000, Load base: 0x00000000, Size: 0x00004288, Max: 0xffffffff, ABSOLUTE)

    Exec Addr    Load Addr    Size         Type   Attr      Idx    E Section Name        Object

    0x00000000   0x00000000   0x0000026c   Data   RO           63    RESET               startup_tm4c123.o
    0x0000026c   0x0000026c   0x00000008   Code   RO          438  * !!!main             c_w.l(__main.o)
    0x00000274   0x00000274   0x00000034   Code   RO          607    !!!scatter          c_w.l(__scatter.o)
    0x000002a8   0x000002a8   0x0000001a   Code   RO          609    !!handler_copy      c_w.l(__scatter_copy.o)
    0x000002c2   0x000002c2   0x00000002   PAD
    0x000002c4   0x000002c4   0x0000001c   Code   RO          611    !!handler_zi        c_w.l(__scatter_zi.o)
    0x000002e0   0x000002e0   0x00000002   Code   RO          469    .ARM.Collect$$libinit$$00000000  c_w.l(libinit.o)
    0x000002e2   0x000002e2   0x00000004   Code   RO          475    .ARM.Collect$$libinit$$00000001  c_w.l(libinit2.o)
    0x000002e6   0x000002e6   0x00000000   Code   RO          478    .ARM.Collect$$libinit$$00000004  c_w.l(libinit2.o)
    0x000002e6   0x000002e6   0x00000000   Code   RO          480    .ARM.Collect$$libinit$$00000006  c_w.l(libinit2.o)
    0x000002e6   0x000002e6   0x00000000   Code   RO          483    .ARM.Collect$$libinit$$0000000C  c_w.l(libinit2.o)
    0x000002e6   0x000002e6   0x00000000   Code   RO          485    .ARM.Collect$$libinit$$0000000E  c_w.l(libinit2.o)
    0x000002e6   0x000002e6   0x00000000   Code   RO          487    .ARM.Collect$$libinit$$00000010  c_w.l(libinit2.o)
    0x000002e6   0x000002e6   0x00000000   Code   RO          490    .ARM.Collect$$libinit$$00000013  c_w.l(libinit2.o)
    0x000002e6   0x000002e6   0x00000000   Code   RO          492    .ARM.Collect$$libinit$$00000015  c_w.l(libinit2.o)
    0x000002e6   0x000002e6   0x00000000   Code   RO          494    .ARM.Collect$$libinit$$00000017  c_w.l(libinit2.o)
    0x000002e6   0x000002e6   0x00000000   Code   RO          496    .ARM.Collect$$libinit$$00000019  c_w.l(libinit2.o)
    0x000002e6   0x000002e6   0x00000000   Code   RO          498    .ARM.Collect$$libinit$$0000001B  c_w.l(libinit2.o)
    0x000002e6   0x000002e6   0x00000000   Code   RO          500    .ARM.Collect$$libinit$$0000001D  c_w.l(libinit2.o)
    0x000002e6   0x000002e6   0x00000000   Code   RO          502    .ARM.Collect$$libinit$$0000001F  c_w.l(libinit2.o)
    0x000002e6   0x000002e6   0x00000000   Code   RO          504    .ARM.Collect$$libinit$$00000021  c_w.l(libinit2.o)
    0x000002e6   0x000002e6   0x00000000   Code   RO          506    .ARM.Collect$$libinit$$00000023  c_w.l(libinit2.o)
    0x000002e6   0x000002e6   0x00000000   Code   RO          508    .ARM.Collect$$libinit$$00000025  c_w.l(libinit2.o)
    0x000002e6   0x000002e6   0x00000000   Code   RO          510    .ARM.Collect$$libinit$$00000027  c_w.l(libinit2.o)
    0x000002e6   0x000002e6   0x00000000   Code   RO          514    .ARM.Collect$$libinit$$0000002E  c_w.l(libinit2.o)
    0x000002e6   0x000002e6   0x00000000   Code   RO          516    .ARM.Collect$$libinit$$00000030  c_w.l(libinit2.o)
    0x000002e6   0x000002e6   0x00000000   Code   RO          518    .ARM.Collect$$libinit$$00000032  c_w.l(libinit2.o)
    0x000002e6   0x000002e6   0x00000000   Code   RO          520    .ARM.Collect$$libinit$$00000034  c_w.l(libinit2.o)
    0x000002e6   0x000002e6   0x00000002   Code   RO          521    .ARM.Collect$$libinit$$00000035  c_w.l(libinit2.o)
    0x000002e8   0x000002e8   0x00000002   Code   RO          543    .ARM.Collect$$libshutdown$$00000000  c_w.l(libshutdown.o)
    0x000002ea   0x000002ea   0x00000000   Code   RO          558    .ARM.Collect$$libshutdown$$00000002  c_w.l(libshutdown2.o)
    0x000002ea   0x000002ea   0x00000000   Code   RO          560    .ARM.Collect$$libshutdown$$00000004  c_w.l(libshutdown2.o)
    0x000002ea   0x000002ea   0x00000000   Code   RO          563    .ARM.Collect$$libshutdown$$00000007  c_w.l(libshutdown2.o)
    0x000002ea   0x000002ea   0x00000000   Code   RO          566    .ARM.Collect$$libshutdown$$0000000A  c_w.l(libshutdown2.o)
    0x000002ea   0x000002ea   0x00000000   Code   RO          568    .ARM.Collect$$libshutdown$$0000000C  c_w.l(libshutdown2.o)
    0x000002ea   0x000002ea   0x00000000   Code   RO          571    .ARM.Collect$$libshutdown$$0000000F  c_w.l(libshutdown2.o)
    0x000002ea   0x000002ea   0x00000002   Code   RO          572    .ARM.Collect$$libshutdown$$00000010  c_w.l(libshutdown2.o)
    0x000002ec   0x000002ec   0x00000000   Code   RO          440    .ARM.Collect$$rtentry$$00000000  c_w.l(__rtentry.o)
    0x000002ec   0x000002ec   0x00000000   Code   RO          446    .ARM.Collect$$rtentry$$00000002  c_w.l(__rtentry2.o)
    0x000002ec   0x000002ec   0x00000006   Code   RO          458    .ARM.Collect$$rtentry$$00000004  c_w.l(__rtentry4.o)
    0x000002f2   0x000002f2   0x00000000   Code   RO          448    .ARM.Collect$$rtentry$$00000009  c_w.l(__rtentry2.o)
    0x000002f2   0x000002f2   0x00000004   Code   RO          449    .ARM.Collect$$rtentry$$0000000A  c_w.l(__rtentry2.o)
    0x000002f6   0x000002f6   0x00000000   Code   RO          451    .ARM.Collect$$rtentry$$0000000C  c_w.l(__rtentry2.o)
    0x000002f6   0x000002f6   0x00000008   Code   RO          452    .ARM.Collect$$rtentry$$0000000D  c_w.l(__rtentry2.o)
    0x000002fe   0x000002fe   0x00000002   Code   RO          473    .ARM.Collect$$rtexit$$00000000  c_w.l(rtexit.o)
    0x00000300   0x00000300   0x00000000   Code   RO          523    .ARM.Collect$$rtexit$$00000002  c_w.l(rtexit2.o)
    0x00000300   0x00000300   0x00000004   Code   RO          524    .ARM.Collect$$rtexit$$00000003  c_w.l(rtexit2.o)
    0x00000304   0x00000304   0x00000006   Code   RO          525    .ARM.Collect$$rtexit$$00000004  c_w.l(rtexit2.o)
    0x0000030a   0x0000030a   0x00000002   PAD
    0x0000030c   0x0000030c   0x00000114   Code   RO           64  * .text               startup_tm4c123.o
    0x00000420   0x00000420   0x0000008a   Code   RO          430    .text               c_w.l(rt_memcpy_v6.o)
    0x000004aa   0x000004aa   0x00000010   Code   RO          432    .text               c_w.l(aeabi_memset4.o)
    0x000004ba   0x000004ba   0x00000044   Code   RO          434    .text               c_w.l(rt_memclr.o)
    0x000004fe   0x000004fe   0x00000006   Code   RO          436    .text               c_w.l(heapauxi.o)
    0x00000504   0x00000504   0x00000064   Code   RO          441    .text               c_w.l(rt_memcpy_w.o)
    0x00000568   0x00000568   0x0000004e   Code   RO          443    .text               c_w.l(rt_memclr_w.o)
    0x000005b6   0x000005b6   0x0000004a   Code   RO          460    .text               c_w.l(sys_stackheap_outer.o)
    0x00000600   0x00000600   0x00000012   Code   RO          462    .text               c_w.l(exit.o)
    0x00000612   0x00000612   0x00000002   PAD
    0x00000614   0x00000614   0x00000008   Code   RO          470    .text               c_w.l(libspace.o)
    0x0000061c   0x0000061c   0x0000000c   Code   RO          533    .text               c_w.l(sys_exit.o)
    0x00000628   0x00000628   0x00000002   Code   RO          548    .text               c_w.l(use_no_semi.o)
    0x0000062a   0x0000062a   0x00000000   Code   RO          550    .text               c_w.l(indicate_semi.o)
    0x0000062a   0x0000062a   0x00000002   PAD
    0x0000062c   0x0000062c   0x00000042   Code   RO           47    .text.Delay_ms      driver.o
    0x0000066e   0x0000066e   0x00000002   PAD
    0x00000670   0x00000670   0x0000010e   Code   RO           12    .text.DriverDown    main.o
    0x0000077e   0x0000077e   0x00000002   PAD
    0x00000780   0x00000780   0x0000010e   Code   RO           10    .text.DriverUp      main.o
    0x0000088e   0x0000088e   0x00000002   PAD
    0x00000890   0x00000890   0x000000e4   Code   RO           20    .text.GPIOA_Handler  main.o
    0x00000974   0x00000974   0x000000c4   Code   RO           18    .text.GPIOE_Handler  main.o
    0x00000a38   0x00000a38   0x000000c4   Code   RO           22    .text.GPIOF_Handler  main.o
    0x00000afc   0x00000afc   0x0000006a   Code   RO           14    .text.Jamming       main.o
    0x00000b66   0x00000b66   0x00000002   PAD
    0x00000b68   0x00000b68   0x00000090   Code   RO           16    .text.Lock          main.o
    0x00000bf8   0x00000bf8   0x0000006c   Code   RO            4    .text.Motor_Control  main.o
    0x00000c64   0x00000c64   0x000000c0   Code   RO            8    .text.PassengerDown  main.o
    0x00000d24   0x00000d24   0x000000c0   Code   RO            6    .text.PassengerUp   main.o
    0x00000de4   0x00000de4   0x0000000c   PAD
    0x00000df0   0x00000df0   0x00000064   Code   RO          123    .text.PendSV_Handler  port.o
    0x00000e54   0x00000e54   0x0000001a   Code   RO            2    .text.ReadPin       main.o
    0x00000e6e   0x00000e6e   0x00000002   PAD
    0x00000e70   0x00000e70   0x00000024   Code   RO          107    .text.SVC_Handler   port.o
    0x00000e94   0x00000e94   0x0000003c   Code   RO          125    .text.SysTick_Handler  port.o
    0x00000ed0   0x00000ed0   0x0000010c   Code   RO           75    .text.SystemInit    system_tm4c123.o
    0x00000fdc   0x00000fdc   0x00000042   Code   RO           28    .text.__NVIC_SetPriority  main.o
    0x0000101e   0x0000101e   0x00000002   PAD
    0x00001020   0x00001020   0x00000080   Code   RO          353    .text.eTaskConfirmSleepModeStatus  tasks.o
    0x000010a0   0x000010a0   0x00000242   Code   RO           26    .text.main          main.o
    0x000012e2   0x000012e2   0x00000002   PAD
    0x000012e4   0x000012e4   0x000000da   Code   RO           51    .text.portA_init    driver.o
    0x000013be   0x000013be   0x00000002   PAD
    0x000013c0   0x000013c0   0x000000e2   Code   RO           53    .text.portE_init    driver.o
    0x000014a2   0x000014a2   0x00000002   PAD
    0x000014a4   0x000014a4   0x000000e2   Code   RO           49    .text.portF_init    driver.o
    0x00001586   0x00001586   0x00000002   PAD
    0x00001588   0x00001588   0x00000122   Code   RO          277    .text.prvAddCurrentTaskToDelayedList  tasks.o
    0x000016aa   0x000016aa   0x00000002   PAD
    0x000016ac   0x000016ac   0x00000154   Code   RO          265    .text.prvAddNewTaskToReadyList  tasks.o
    0x00001800   0x00001800   0x0000005a   Code   RO          393    .text.prvCheckTasksWaitingTermination  tasks.o
    0x0000185a   0x0000185a   0x00000002   PAD
    0x0000185c   0x0000185c   0x000000cc   Code   RO          200    .text.prvCopyDataToQueue  queue.o
    0x00001928   0x00001928   0x00000018   Code   RO          271    .text.prvDeleteTCB  tasks.o
    0x00001940   0x00001940   0x00000026   Code   RO          218    .text.prvGetDisinheritPriorityAfterTimeout  queue.o
    0x00001966   0x00001966   0x00000002   PAD
    0x00001968   0x00001968   0x0000007c   Code   RO          395    .text.prvGetExpectedIdleTime  tasks.o
    0x000019e4   0x000019e4   0x000000ae   Code   RO          146    .text.prvHeapInit   heap_4.o
    0x00001a92   0x00001a92   0x00000002   PAD
    0x00001a94   0x00001a94   0x0000009e   Code   RO          303    .text.prvIdleTask   tasks.o
    0x00001b32   0x00001b32   0x00000002   PAD
    0x00001b34   0x00001b34   0x0000002c   Code   RO          184    .text.prvInitialiseMutex  queue.o
    0x00001b60   0x00001b60   0x0000004e   Code   RO          180    .text.prvInitialiseNewQueue  queue.o
    0x00001bae   0x00001bae   0x00000002   PAD
    0x00001bb0   0x00001bb0   0x00000124   Code   RO          263    .text.prvInitialiseNewTask  tasks.o
    0x00001cd4   0x00001cd4   0x0000008e   Code   RO          391    .text.prvInitialiseTaskLists  tasks.o
    0x00001d62   0x00001d62   0x00000002   PAD
    0x00001d64   0x00001d64   0x000000c6   Code   RO          148    .text.prvInsertBlockIntoFreeList  heap_4.o
    0x00001e2a   0x00001e2a   0x00000002   PAD
    0x00001e2c   0x00001e2c   0x00000028   Code   RO          216    .text.prvIsQueueEmpty  queue.o
    0x00001e54   0x00001e54   0x0000002e   Code   RO          204    .text.prvIsQueueFull  queue.o
    0x00001e82   0x00001e82   0x00000002   PAD
    0x00001e84   0x00001e84   0x000000ec   Code   RO          202    .text.prvNotifyQueueSetContainer  queue.o
    0x00001f70   0x00001f70   0x00000028   Code   RO          115    .text.prvPortStartFirstTask  port.o
    0x00001f98   0x00001f98   0x0000003c   Code   RO          269    .text.prvResetNextTaskUnblockTime  tasks.o
    0x00001fd4   0x00001fd4   0x0000004c   Code   RO          105    .text.prvTaskExitError  port.o
    0x00002020   0x00002020   0x000000cc   Code   RO          206    .text.prvUnlockQueue  queue.o
    0x000020ec   0x000020ec   0x000001c8   Code   RO          144    .text.pvPortMalloc  heap_4.o
    0x000022b4   0x000022b4   0x0000002c   Code   RO          375    .text.pvTaskIncrementMutexHeldCount  tasks.o
    0x000022e0   0x000022e0   0x0000005e   Code   RO          103    .text.pxPortInitialiseStack  port.o
    0x0000233e   0x0000233e   0x00000002   PAD
    0x00002340   0x00002340   0x00000048   Code   RO           94    .text.uxListRemove  list.o
    0x00002388   0x00002388   0x0000000c   Code   RO          313    .text.uxTaskGetNumberOfTasks  tasks.o
    0x00002394   0x00002394   0x00000002   Code   RO           24    .text.vApplicationIdleHook  main.o
    0x00002396   0x00002396   0x00000002   PAD
    0x00002398   0x00002398   0x0000002e   Code   RO           86    .text.vListInitialise  list.o
    0x000023c6   0x000023c6   0x00000002   PAD
    0x000023c8   0x000023c8   0x0000000e   Code   RO           88    .text.vListInitialiseItem  list.o
    0x000023d6   0x000023d6   0x00000002   PAD
    0x000023d8   0x000023d8   0x0000006a   Code   RO           92    .text.vListInsert   list.o
    0x00002442   0x00002442   0x00000002   PAD
    0x00002444   0x00002444   0x00000014   Code   RO          113    .text.vPortEnableVFP  port.o
    0x00002458   0x00002458   0x00000056   Code   RO          119    .text.vPortEnterCritical  port.o
    0x000024ae   0x000024ae   0x00000002   PAD
    0x000024b0   0x000024b0   0x0000004a   Code   RO          121    .text.vPortExitCritical  port.o
    0x000024fa   0x000024fa   0x00000002   PAD
    0x000024fc   0x000024fc   0x000000ba   Code   RO          150    .text.vPortFree     heap_4.o
    0x000025b6   0x000025b6   0x00000002   PAD
    0x000025b8   0x000025b8   0x00000078   Code   RO          111    .text.vPortSetupTimerInterrupt  port.o
    0x00002630   0x00002630   0x00000220   Code   RO          127    .text.vPortSuppressTicksAndSleep  port.o
    0x00002850   0x00002850   0x00000084   Code   RO          129    .text.vPortValidateInterruptPriority  port.o
    0x000028d4   0x000028d4   0x00000024   Code   RO          343    .text.vTaskInternalSetTimeOutState  tasks.o
    0x000028f8   0x000028f8   0x0000000e   Code   RO          347    .text.vTaskMissedYield  tasks.o
    0x00002906   0x00002906   0x00000002   PAD
    0x00002908   0x00002908   0x00000042   Code   RO          333    .text.vTaskPlaceOnEventList  tasks.o
    0x0000294a   0x0000294a   0x00000002   PAD
    0x0000294c   0x0000294c   0x00000182   Code   RO          371    .text.vTaskPriorityDisinheritAfterTimeout  tasks.o
    0x00002ace   0x00002ace   0x00000002   PAD
    0x00002ad0   0x00002ad0   0x000000a2   Code   RO          301    .text.vTaskStartScheduler  tasks.o
    0x00002b72   0x00002b72   0x00000002   PAD
    0x00002b74   0x00002b74   0x000000cc   Code   RO          327    .text.vTaskStepTick  tasks.o
    0x00002c40   0x00002c40   0x00000010   Code   RO          275    .text.vTaskSuspendAll  tasks.o
    0x00002c50   0x00002c50   0x000000be   Code   RO          293    .text.vTaskSwitchContext  tasks.o
    0x00002d0e   0x00002d0e   0x00000002   PAD
    0x00002d10   0x00002d10   0x0000017c   Code   RO          109    .text.xPortStartScheduler  port.o
    0x00002e8c   0x00002e8c   0x00000026   Code   RO          182    .text.xQueueCreateMutex  queue.o
    0x00002eb2   0x00002eb2   0x00000002   PAD
    0x00002eb4   0x00002eb4   0x0000009a   Code   RO          178    .text.xQueueGenericCreate  queue.o
    0x00002f4e   0x00002f4e   0x00000002   PAD
    0x00002f50   0x00002f50   0x00000108   Code   RO          176    .text.xQueueGenericReset  queue.o
    0x00003058   0x00003058   0x00000274   Code   RO          192    .text.xQueueGenericSend  queue.o
    0x000032cc   0x000032cc   0x00000182   Code   RO          210    .text.xQueueGiveFromISR  queue.o
    0x0000344e   0x0000344e   0x00000002   PAD
    0x00003450   0x00003450   0x00000210   Code   RO          196    .text.xQueueSemaphoreTake  queue.o
    0x00003660   0x00003660   0x000000fc   Code   RO          345    .text.xTaskCheckForTimeOut  tasks.o
    0x0000375c   0x0000375c   0x000000a0   Code   RO          261    .text.xTaskCreate   tasks.o
    0x000037fc   0x000037fc   0x00000116   Code   RO          273    .text.xTaskDelayUntil  tasks.o
    0x00003912   0x00003912   0x00000002   PAD
    0x00003914   0x00003914   0x00000038   Code   RO          365    .text.xTaskGetSchedulerState  tasks.o
    0x0000394c   0x0000394c   0x00000014   Code   RO          309    .text.xTaskGetTickCount  tasks.o
    0x00003960   0x00003960   0x00000260   Code   RO          307    .text.xTaskIncrementTick  tasks.o
    0x00003bc0   0x00003bc0   0x00000138   Code   RO          369    .text.xTaskPriorityDisinherit  tasks.o
    0x00003cf8   0x00003cf8   0x0000015c   Code   RO          367    .text.xTaskPriorityInherit  tasks.o
    0x00003e54   0x00003e54   0x00000192   Code   RO          337    .text.xTaskRemoveFromEventList  tasks.o
    0x00003fe6   0x00003fe6   0x00000002   PAD
    0x00003fe8   0x00003fe8   0x00000222   Code   RO          279    .text.xTaskResumeAll  tasks.o
    0x0000420a   0x0000420a   0x0000001a   Code   RO          531    x$fpl$fpinit        fz_wm.l(fpinit.o)
    0x00004224   0x00004224   0x0000003b   Data   RO           38    .rodata.str1.1      main.o
    0x0000425f   0x0000425f   0x00000005   Data   RO          413    .rodata.str1.1      tasks.o
    0x00004264   0x00004264   0x00000004   Data   RO          398    .rodata.uxTopUsedPriority  tasks.o
    0x00004268   0x00004268   0x00000020   Data   RO          606    Region$$Table       anon$$obj.o


    Execution Region ER_RW (Exec base: 0x20000000, Load base: 0x00004288, Size: 0x00000008, Max: 0xffffffff, ABSOLUTE)

    Exec Addr    Load Addr    Size         Type   Attr      Idx    E Section Name        Object

    0x20000000   0x00004288   0x00000004   Data   RW           77    .data.SystemCoreClock  system_tm4c123.o
    0x20000004   0x0000428c   0x00000004   Data   RW          133    .data.uxCriticalNesting  port.o


    Execution Region ER_ZI (Exec base: 0x20000008, Load base: 0x00004290, Size: 0x000063e0, Max: 0xffffffff, ABSOLUTE)

    Exec Addr    Load Addr    Size         Type   Attr      Idx    E Section Name        Object

    0x20000008        -       0x00000060   Zero   RW          471    .bss                c_w.l(libspace.o)
    0x20000068        -       0x00000004   Zero   RW           30    .bss.Locked         main.o
    0x2000006c        -       0x00000004   Zero   RW          397    .bss.pxCurrentTCB   tasks.o
    0x20000070        -       0x00000004   Zero   RW          408    .bss.pxDelayedTaskList  tasks.o
    0x20000074        -       0x00000004   Zero   RW          162    .bss.pxEnd          heap_4.o
    0x20000078        -       0x00000004   Zero   RW          409    .bss.pxOverflowDelayedTaskList  tasks.o
    0x2000007c        -       0x0000008c   Zero   RW          399    .bss.pxReadyTasksLists  tasks.o
    0x20000108        -       0x00006000   Zero   RW          168    .bss.ucHeap         heap_4.o
    0x20006108        -       0x00000001   Zero   RW          131    .bss.ucMaxSysCallPriority  port.o
    0x20006109   0x00004290   0x00000003   PAD
    0x2000610c        -       0x00000004   Zero   RW          132    .bss.ulMaxPRIGROUPValue  port.o
    0x20006110        -       0x00000004   Zero   RW          136    .bss.ulStoppedTimerCompensation  port.o
    0x20006114        -       0x00000004   Zero   RW          135    .bss.ulTimerCountsForOneTick  port.o
    0x20006118        -       0x00000004   Zero   RW          404    .bss.uxCurrentNumberOfTasks  tasks.o
    0x2000611c        -       0x00000004   Zero   RW          403    .bss.uxDeletedTasksWaitingCleanUp  tasks.o
    0x20006120        -       0x00000004   Zero   RW          406    .bss.uxSchedulerSuspended  tasks.o
    0x20006124        -       0x00000004   Zero   RW          401    .bss.uxTaskNumber   tasks.o
    0x20006128        -       0x00000004   Zero   RW          400    .bss.uxTopReadyPriority  tasks.o
    0x2000612c        -       0x00000004   Zero   RW           36    .bss.xBinarySemaphore1  main.o
    0x20006130        -       0x00000004   Zero   RW           31    .bss.xBinarySemaphore2  main.o
    0x20006134        -       0x00000004   Zero   RW           33    .bss.xBinarySemaphore3  main.o
    0x20006138        -       0x00000004   Zero   RW           34    .bss.xBinarySemaphore4  main.o
    0x2000613c        -       0x00000004   Zero   RW           35    .bss.xBinarySemaphore5  main.o
    0x20006140        -       0x00000004   Zero   RW           37    .bss.xBinarySemaphore6  main.o
    0x20006144        -       0x00000014   Zero   RW          418    .bss.xDelayedTaskList1  tasks.o
    0x20006158        -       0x00000014   Zero   RW          419    .bss.xDelayedTaskList2  tasks.o
    0x2000616c        -       0x00000004   Zero   RW          163    .bss.xFreeBytesRemaining  heap_4.o
    0x20006170        -       0x00000004   Zero   RW          414    .bss.xIdleTaskHandle  tasks.o
    0x20006174        -       0x00000004   Zero   RW          134    .bss.xMaximumPossibleSuppressedTicks  port.o
    0x20006178        -       0x00000004   Zero   RW          165    .bss.xMinimumEverFreeBytesRemaining  heap_4.o
    0x2000617c        -       0x00000004   Zero   RW           32    .bss.xMutex         main.o
    0x20006180        -       0x00000004   Zero   RW          415    .bss.xNextTaskUnblockTime  tasks.o
    0x20006184        -       0x00000004   Zero   RW          417    .bss.xNumOfOverflows  tasks.o
    0x20006188        -       0x00000004   Zero   RW          166    .bss.xNumberOfSuccessfulAllocations  heap_4.o
    0x2000618c        -       0x00000004   Zero   RW          167    .bss.xNumberOfSuccessfulFrees  heap_4.o
    0x20006190        -       0x00000004   Zero   RW          416    .bss.xPendedTicks   tasks.o
    0x20006194        -       0x00000014   Zero   RW          412    .bss.xPendingReadyList  tasks.o
    0x200061a8        -       0x00000004   Zero   RW          405    .bss.xSchedulerRunning  tasks.o
    0x200061ac        -       0x00000008   Zero   RW          164    .bss.xStart         heap_4.o
    0x200061b4        -       0x00000014   Zero   RW          410    .bss.xSuspendedTaskList  tasks.o
    0x200061c8        -       0x00000014   Zero   RW          402    .bss.xTasksWaitingTermination  tasks.o
    0x200061dc        -       0x00000004   Zero   RW          407    .bss.xTickCount     tasks.o
    0x200061e0        -       0x00000004   Zero   RW          411    .bss.xYieldPending  tasks.o
    0x200061e4   0x00004290   0x00000004   PAD
    0x200061e8        -       0x00000000   Zero   RW           62    HEAP                startup_tm4c123.o
    0x200061e8        -       0x00000200   Zero   RW           61    STACK               startup_tm4c123.o


==============================================================================

Image component sizes


      Code (inc. data)   RO Data    RW Data    ZI Data      Debug   Object Name

       736          0          0          0          0       2059   driver.o
      1014          0          0          0      24604       4694   heap_4.o
       238          0          0          0          0       2292   list.o
      2574          0         59          0         32       7459   main.o
      1762         16          0          4         17       4974   port.o
      2888          0          0          0          0      16692   queue.o
       276         24        620          0        512       5484   startup_tm4c123.o
       268          0          0          4          0       6732   system_tm4c123.o
      5760          0          9          0        300      26973   tasks.o

    ----------------------------------------------------------------------
     15602         40        720          8      25472      77359   Object Totals
         0          0         32          0          0          0   (incl. Generated)
        86          0          0          0          7          0   (incl. Padding)

    ----------------------------------------------------------------------

      Code (inc. data)   RO Data    RW Data    ZI Data      Debug   Library Member Name

         8          0          0          0          0         68   __main.o
         0          0          0          0          0          0   __rtentry.o
        12          0          0          0          0          0   __rtentry2.o
         6          0          0          0          0          0   __rtentry4.o
        52          8          0          0          0          0   __scatter.o
        26          0          0          0          0          0   __scatter_copy.o
        28          0          0          0          0          0   __scatter_zi.o
        16          0          0          0          0         68   aeabi_memset4.o
        18          0          0          0          0         80   exit.o
         6          0          0          0          0        152   heapauxi.o
         0          0          0          0          0          0   indicate_semi.o
         2          0          0          0          0          0   libinit.o
         6          0          0          0          0          0   libinit2.o
         2          0          0          0          0          0   libshutdown.o
         2          0          0          0          0          0   libshutdown2.o
         8          4          0          0         96         68   libspace.o
        68          0          0          0          0         68   rt_memclr.o
        78          0          0          0          0         80   rt_memclr_w.o
       138          0          0          0          0         68   rt_memcpy_v6.o
       100          0          0          0          0         80   rt_memcpy_w.o
         2          0          0          0          0          0   rtexit.o
        10          0          0          0          0          0   rtexit2.o
        12          4          0          0          0         68   sys_exit.o
        74          0          0          0          0         80   sys_stackheap_outer.o
         2          0          0          0          0         68   use_no_semi.o
        26          0          0          0          0        116   fpinit.o

    ----------------------------------------------------------------------
       710         16          0          0         96       1064   Library Totals
         8          0          0          0          0          0   (incl. Padding)

    ----------------------------------------------------------------------

      Code (inc. data)   RO Data    RW Data    ZI Data      Debug   Library Name

       676         16          0          0         96        948   c_w.l
        26          0          0          0          0        116   fz_wm.l

    ----------------------------------------------------------------------
       710         16          0          0         96       1064   Library Totals

    ----------------------------------------------------------------------

==============================================================================


      Code (inc. data)   RO Data    RW Data    ZI Data      Debug   

     16312         56        720          8      25568      77867   Grand Totals
     16312         56        720          8      25568      77867   ELF Image Totals
     16312         56        720          8          0          0   ROM Totals

==============================================================================

    Total RO  Size (Code + RO Data)                17032 (  16.63kB)
    Total RW  Size (RW Data + ZI Data)             25576 (  24.98kB)
    Total ROM Size (Code + RO Data + RW Data)      17040 (  16.64kB)

==============================================================================

